Component: ARM Compiler 5.06 update 6 (build 750) Tool: armlink [4d35ed]

==============================================================================

Section Cross References

    main.o(i.SystemClock_Config) refers to memseta.o(.text) for __aeabi_memclr4
    main.o(i.SystemClock_Config) refers to stm32f1xx_hal_rcc.o(i.HAL_RCC_OscConfig) for HAL_RCC_OscConfig
    main.o(i.SystemClock_Config) refers to stm32f1xx_hal_rcc.o(i.HAL_RCC_ClockConfig) for HAL_RCC_ClockConfig
    main.o(i.SystemClock_Config) refers to stm32f1xx_hal_rcc_ex.o(i.HAL_RCCEx_PeriphCLKConfig) for HAL_RCCEx_PeriphCLKConfig
    main.o(i.cdc_recv_data) refers to main.o(.data) for .data
    main.o(i.cdc_send_done) refers to teeny_usb_stm32_fs_device.o(i.tusb_set_rx_valid) for tusb_set_rx_valid
    main.o(i.hid_recv_data) refers to hid_transfer.o(i.HID_GetOutReport) for HID_GetOutReport
    main.o(i.hid_recv_data) refers to main.o(.data) for .data
    main.o(i.hid_recv_data) refers to main.o(.bss) for .bss
    main.o(i.hid_send_done) refers to teeny_usb_stm32_fs_device.o(i.tusb_set_rx_valid) for tusb_set_rx_valid
    main.o(i.hid_send_done) refers to hid_transfer.o(i.HID_SetInReport) for HID_SetInReport
    main.o(i.init_ep) refers to memseta.o(.text) for __aeabi_memclr4
    main.o(i.init_ep) refers to teeny_usb_desc.o(.constdata) for COMP_rxEpMaxSize
    main.o(i.init_ep) refers to teeny_usb_desc.o(.constdata) for COMP_txEpMaxSize
    main.o(i.init_ep) refers to teeny_usb_desc.o(.constdata) for COMP_descriptors
    main.o(i.main) refers to stm32f1xx_hal.o(i.HAL_Init) for HAL_Init
    main.o(i.main) refers to main.o(i.SystemClock_Config) for SystemClock_Config
    main.o(i.main) refers to gpio.o(i.MX_GPIO_Init) for MX_GPIO_Init
    main.o(i.main) refers to dma.o(i.MX_DMA_Init) for MX_DMA_Init
    main.o(i.main) refers to spi.o(i.MX_SPI1_Init) for MX_SPI1_Init
    main.o(i.main) refers to usart.o(i.MX_USART2_UART_Init) for MX_USART2_UART_Init
    main.o(i.main) refers to spi.o(i.MX_SPI2_Init) for MX_SPI2_Init
    main.o(i.main) refers to iwdg.o(i.MX_IWDG_Init) for MX_IWDG_Init
    main.o(i.main) refers to fatfs.o(i.MX_FATFS_Init) for MX_FATFS_Init
    main.o(i.main) refers to stm32_fs_init.o(i.tusb_get_device) for tusb_get_device
    main.o(i.main) refers to tusbd.o(i.tusb_set_device_config) for tusb_set_device_config
    main.o(i.main) refers to stm32_fs_init.o(i.tusb_open_device) for tusb_open_device
    main.o(i.main) refers to hid_transfer.o(i.usbd_hid_process) for usbd_hid_process
    main.o(i.main) refers to teeny_usb_stm32_fs_device.o(i.tusb_send_data) for tusb_send_data
    main.o(i.main) refers to tusbd_msc.o(i.tusb_msc_device_loop) for tusb_msc_device_loop
    main.o(i.main) refers to main.o(.data) for .data
    main.o(i.main) refers to main.o(.bss) for .bss
    main.o(i.user_send_done) refers to teeny_usb_stm32_fs_device.o(i.tusb_set_rx_valid) for tusb_set_rx_valid
    main.o(.data) refers to tusbd_user.o(.constdata) for user_device_backend
    main.o(.data) refers to main.o(i.user_recv_data) for user_recv_data
    main.o(.data) refers to main.o(i.user_send_done) for user_send_done
    main.o(.data) refers to main.o(.bss) for user_buf
    main.o(.data) refers to tusbd_hid.o(.constdata) for hid_device_backend
    main.o(.data) refers to main.o(i.hid_recv_data) for hid_recv_data
    main.o(.data) refers to main.o(i.hid_send_done) for hid_send_done
    main.o(.data) refers to main.o(.bss) for hid_buf
    main.o(.data) refers to teeny_usb_desc.o(.constdata) for COMP_ReportDescriptor_if0
    main.o(.data) refers to tusbd_cdc.o(.constdata) for cdc_device_backend
    main.o(.data) refers to main.o(i.cdc_recv_data) for cdc_recv_data
    main.o(.data) refers to main.o(i.cdc_send_done) for cdc_send_done
    main.o(.data) refers to main.o(.bss) for cdc_buf
    main.o(.data) refers to main.o(i.cdc_line_coding_change) for cdc_line_coding_change
    main.o(.data) refers to tusbd_msc.o(.constdata) for msc_device_backend
    main.o(.data) refers to composite_device.o(i.msc_get_cap) for msc_get_cap
    main.o(.data) refers to composite_device.o(i.msc_block_read) for msc_block_read
    main.o(.data) refers to composite_device.o(i.msc_block_write) for msc_block_write
    main.o(.data) refers to main.o(.data) for device_interfaces
    main.o(.data) refers to main.o(i.init_ep) for init_ep
    main.o(.data) refers to main.o(.data) for hid_dev
    main.o(.data) refers to main.o(.data) for cdc_dev
    gpio.o(i.MX_GPIO_Init) refers to stm32f1xx_hal_gpio.o(i.HAL_GPIO_WritePin) for HAL_GPIO_WritePin
    gpio.o(i.MX_GPIO_Init) refers to stm32f1xx_hal_gpio.o(i.HAL_GPIO_Init) for HAL_GPIO_Init
    dma.o(i.MX_DMA_Init) refers to stm32f1xx_hal_dma.o(i.HAL_DMA_Init) for HAL_DMA_Init
    dma.o(i.MX_DMA_Init) refers to main.o(i.Error_Handler) for Error_Handler
    dma.o(i.MX_DMA_Init) refers to stm32f1xx_hal_cortex.o(i.HAL_NVIC_SetPriority) for HAL_NVIC_SetPriority
[...]
    ..\CMSIS-DAP\Source\SWD_host.c           0x00000000   Number         0  swd_host.o ABSOLUTE
    ..\CMSIS-DAP\Source\SWO.c                0x00000000   Number         0  swo.o ABSOLUTE
    ..\CMSIS-DAP\Source\SW_DP.c              0x00000000   Number         0  sw_dp.o ABSOLUTE
    ..\CMSIS-DAP\Source\hid_transfer.c       0x00000000   Number         0  hid_transfer.o ABSOLUTE
    ..\Core\Src\dma.c                        0x00000000   Number         0  dma.o ABSOLUTE
    ..\Core\Src\gpio.c                       0x00000000   Number         0  gpio.o ABSOLUTE
    ..\Core\Src\iwdg.c                       0x00000000   Number         0  iwdg.o ABSOLUTE
    ..\Core\Src\main.c                       0x00000000   Number         0  main.o ABSOLUTE
    ..\Core\Src\spi.c                        0x00000000   Number         0  spi.o ABSOLUTE
    ..\Core\Src\stm32f1xx_hal_msp.c          0x00000000   Number         0  stm32f1xx_hal_msp.o ABSOLUTE
    ..\Core\Src\stm32f1xx_it.c               0x00000000   Number         0  stm32f1xx_it.o ABSOLUTE
    ..\Core\Src\system_stm32f1xx.c           0x00000000   Number         0  system_stm32f1xx.o ABSOLUTE
    ..\Core\Src\usart.c                      0x00000000   Number         0  usart.o ABSOLUTE
    ..\Drivers\STM32F1xx_HAL_Driver\Src\stm32f1xx_hal.c 0x00000000   Number         0  stm32f1xx_hal.o ABSOLUTE
    ..\Drivers\STM32F1xx_HAL_Driver\Src\stm32f1xx_hal_cortex.c 0x00000000   Number         0  stm32f1xx_hal_cortex.o ABSOLUTE
    ..\Drivers\STM32F1xx_HAL_Driver\Src\stm32f1xx_hal_dma.c 0x00000000   Number         0  stm32f1xx_hal_dma.o ABSOLUTE
    ..\Drivers\STM32F1xx_HAL_Driver\Src\stm32f1xx_hal_exti.c 0x00000000   Number         0  stm32f1xx_hal_exti.o ABSOLUTE
    ..\Drivers\STM32F1xx_HAL_Driver\Src\stm32f1xx_hal_flash.c 0x00000000   Number         0  stm32f1xx_hal_flash.o ABSOLUTE
    ..\Drivers\STM32F1xx_HAL_Driver\Src\stm32f1xx_hal_flash_ex.c 0x00000000   Number         0  stm32f1xx_hal_flash_ex.o ABSOLUTE
    ..\Drivers\STM32F1xx_HAL_Driver\Src\stm32f1xx_hal_gpio.c 0x00000000   Number         0  stm32f1xx_hal_gpio.o ABSOLUTE
    ..\Drivers\STM32F1xx_HAL_Driver\Src\stm32f1xx_hal_gpio_ex.c 0x00000000   Number         0  stm32f1xx_hal_gpio_ex.o ABSOLUTE
    ..\Drivers\STM32F1xx_HAL_Driver\Src\stm32f1xx_hal_iwdg.c 0x00000000   Number         0  stm32f1xx_hal_iwdg.o ABSOLUTE
    ..\Drivers\STM32F1xx_HAL_Driver\Src\stm32f1xx_hal_pcd.c 0x00000000   Number         0  stm32f1xx_hal_pcd.o ABSOLUTE
    ..\Drivers\STM32F1xx_HAL_Driver\Src\stm32f1xx_hal_pcd_ex.c 0x00000000   Number         0  stm32f1xx_hal_pcd_ex.o ABSOLUTE
    ..\Drivers\STM32F1xx_HAL_Driver\Src\stm32f1xx_hal_pwr.c 0x00000000   Number         0  stm32f1xx_hal_pwr.o ABSOLUTE
    ..\Drivers\STM32F1xx_HAL_Driver\Src\stm32f1xx_hal_rcc.c 0x00000000   Number         0  stm32f1xx_hal_rcc.o ABSOLUTE
    ..\Drivers\STM32F1xx_HAL_Driver\Src\stm32f1xx_hal_rcc_ex.c 0x00000000   Number         0  stm32f1xx_hal_rcc_ex.o ABSOLUTE
    ..\Drivers\STM32F1xx_HAL_Driver\Src\stm32f1xx_hal_spi.c 0x00000000   Number         0  stm32f1xx_hal_spi.o ABSOLUTE
    ..\Drivers\STM32F1xx_HAL_Driver\Src\stm32f1xx_hal_tim.c 0x00000000   Number         0  stm32f1xx_hal_tim.o ABSOLUTE
    ..\Drivers\STM32F1xx_HAL_Driver\Src\stm32f1xx_hal_tim_ex.c 0x00000000   Number         0  stm32f1xx_hal_tim_ex.o ABSOLUTE
    ..\Drivers\STM32F1xx_HAL_Driver\Src\stm32f1xx_hal_uart.c 0x00000000   Number         0  stm32f1xx_hal_uart.o ABSOLUTE
    ..\Drivers\STM32F1xx_HAL_Driver\Src\stm32f1xx_ll_usb.c 0x00000000   Number         0  stm32f1xx_ll_usb.o ABSOLUTE
    ..\FATFS\App\fatfs.c                     0x00000000   Number         0  fatfs.o ABSOLUTE
    ..\FATFS\Target\user_diskio.c            0x00000000   Number         0  user_diskio.o ABSOLUTE
    ..\Middlewares\Third_Party\FatFs\src\diskio.c 0x00000000   Number         0  diskio.o ABSOLUTE
    ..\Middlewares\Third_Party\FatFs\src\ff.c 0x00000000   Number         0  ff.o ABSOLUTE
    ..\Middlewares\Third_Party\FatFs\src\ff_gen_drv.c 0x00000000   Number         0  ff_gen_drv.o ABSOLUTE
    ..\Middlewares\Third_Party\FatFs\src\option\syscall.c 0x00000000   Number         0  syscall.o ABSOLUTE
    ..\TeenyUSB\board.c                      0x00000000   Number         0  board.o ABSOLUTE
    ..\TeenyUSB\composite_device.c           0x00000000   Number         0  composite_device.o ABSOLUTE
    ..\TeenyUSB\stm32_otg_init.c             0x00000000   Number         0  stm32_otg_init.o ABSOLUTE
    ..\TeenyUSB\teeny_usb.c                  0x00000000   Number         0  teeny_usb.o ABSOLUTE
    ..\TeenyUSB\teeny_usb_desc.c             0x00000000   Number         0  teeny_usb_desc.o ABSOLUTE
    ..\TeenyUSB\teeny_usb_stm32_fs_device.c  0x00000000   Number         0  teeny_usb_stm32_fs_device.o ABSOLUTE
    ..\TeenyUSB\teeny_usb_stm32_otg_device.c 0x00000000   Number         0  teeny_usb_stm32_otg_device.o ABSOLUTE
    ..\TeenyUSB\usb_stack\class\tusbd.c      0x00000000   Number         0  tusbd.o ABSOLUTE
    ..\TeenyUSB\usb_stack\class\tusbd_cdc.c  0x00000000   Number         0  tusbd_cdc.o ABSOLUTE
    ..\TeenyUSB\usb_stack\class\tusbd_hid.c  0x00000000   Number         0  tusbd_hid.o ABSOLUTE
    ..\TeenyUSB\usb_stack\class\tusbd_msc.c  0x00000000   Number         0  tusbd_msc.o ABSOLUTE
    ..\TeenyUSB\usb_stack\class\tusbd_user.c 0x00000000   Number         0  tusbd_user.o ABSOLUTE
    ..\TeenyUSB\usb_stack\src\stm32_fs_init.c 0x00000000   Number         0  stm32_fs_init.o ABSOLUTE
    ..\Wireless\bsp_nrf2401.c                0x00000000   Number         0  bsp_nrf2401.o ABSOLUTE
    ..\Wireless\bsp_spi.c                    0x00000000   Number         0  bsp_spi.o ABSOLUTE
    ..\\CMSIS-DAP\\Source\\DAP.c             0x00000000   Number         0  dap.o ABSOLUTE
    ..\\CMSIS-DAP\\Source\\DAP_vendor.c      0x00000000   Number         0  dap_vendor.o ABSOLUTE
    ..\\CMSIS-DAP\\Source\\JTAG_DP.c         0x00000000   Number         0  jtag_dp.o ABSOLUTE
    ..\\CMSIS-DAP\\Source\\SWD_host.c        0x00000000   Number         0  swd_host.o ABSOLUTE
    ..\\CMSIS-DAP\\Source\\SWO.c             0x00000000   Number         0  swo.o ABSOLUTE
    ..\\CMSIS-DAP\\Source\\SW_DP.c           0x00000000   Number         0  sw_dp.o ABSOLUTE
    ..\\CMSIS-DAP\\Source\\hid_transfer.c    0x00000000   Number         0  hid_transfer.o ABSOLUTE
    ..\\TeenyUSB\\board.c                    0x00000000   Number         0  board.o ABSOLUTE
    ..\\TeenyUSB\\composite_device.c         0x00000000   Number         0  composite_device.o ABSOLUTE
    ..\\TeenyUSB\\stm32_otg_init.c           0x00000000   Number         0  stm32_otg_init.o ABSOLUTE
    ..\\TeenyUSB\\teeny_usb.c                0x00000000   Number         0  teeny_usb.o ABSOLUTE
    ..\\TeenyUSB\\teeny_usb_desc.c           0x00000000   Number         0  teeny_usb_desc.o ABSOLUTE
    ..\\TeenyUSB\\teeny_usb_stm32_fs_device.c 0x00000000   Number         0  teeny_usb_stm32_fs_device.o ABSOLUTE
    ..\\TeenyUSB\\teeny_usb_stm32_otg_device.c 0x00000000   Number         0  teeny_usb_stm32_otg_device.o ABSOLUTE
    ..\\TeenyUSB\\usb_stack\\class\\tusbd.c  0x00000000   Number         0  tusbd.o ABSOLUTE
    ..\\TeenyUSB\\usb_stack\\class\\tusbd_cdc.c 0x00000000   Number         0  tusbd_cdc.o ABSOLUTE
    ..\\TeenyUSB\\usb_stack\\class\\tusbd_hid.c 0x00000000   Number         0  tusbd_hid.o ABSOLUTE
    ..\\TeenyUSB\\usb_stack\\class\\tusbd_msc.c 0x00000000   Number         0  tusbd_msc.o ABSOLUTE
    ..\\TeenyUSB\\usb_stack\\class\\tusbd_user.c 0x00000000   Number         0  tusbd_user.o ABSOLUTE
    ..\\TeenyUSB\\usb_stack\\src\\stm32_fs_init.c 0x00000000   Number         0  stm32_fs_init.o ABSOLUTE
    ..\\Wireless\\bsp_nrf2401.c              0x00000000   Number         0  bsp_nrf2401.o ABSOLUTE
    ..\\Wireless\\bsp_spi.c                  0x00000000   Number         0  bsp_spi.o ABSOLUTE
    dc.s                                     0x00000000   Number         0  dc.o ABSOLUTE
    handlers.s                               0x00000000   Number         0  handlers.o ABSOLUTE
    init.s                                   0x00000000   Number         0  init.o ABSOLUTE
    startup_stm32f103xb.s                    0x00000000   Number         0  startup_stm32f103xb.o ABSOLUTE
    RESET                                    0x08000000   Section      236  startup_stm32f103xb.o(RESET)
    .ARM.Collect$$$$00000000                 0x080000ec   Section        0  entry.o(.ARM.Collect$$$$00000000)
    .ARM.Collect$$$$00000001                 0x080000ec   Section        4  entry2.o(.ARM.Collect$$$$00000001)
    .ARM.Collect$$$$00000004                 0x080000f0   Section        4  entry5.o(.ARM.Collect$$$$00000004)
    .ARM.Collect$$$$00000008                 0x080000f4   Section        0  entry7b.o(.ARM.Collect$$$$00000008)
    .ARM.Collect$$$$0000000A                 0x080000f4   Section        0  entry8b.o(.ARM.Collect$$$$0000000A)
    .ARM.Collect$$$$0000000B                 0x080000f4   Section        8  entry9a.o(.ARM.Collect$$$$0000000B)
    .ARM.Collect$$$$0000000D                 0x080000fc   Section        0  entry10a.o(.ARM.Collect$$$$0000000D)
    .ARM.Collect$$$$0000000F                 0x080000fc   Section        0  entry11a.o(.ARM.Collect$$$$0000000F)
    .ARM.Collect$$$$00002712                 0x080000fc   Section        4  entry2.o(.ARM.Collect$$$$00002712)
    __lit__00000000                          0x080000fc   Data           4  entry2.o(.ARM.Collect$$$$00002712)
    .text                                    0x08000100   Section       36  startup_stm32f103xb.o(.text)
    .text                                    0x08000124   Section        0  memcpya.o(.text)
    .text                                    0x08000148   Section        0  memseta.o(.text)
    .text                                    0x0800016c   Section       36  init.o(.text)
    .text                                    0x08000190   Section        0  __dczerorl2.o(.text)
    i.BusFault_Handler                       0x080001e6   Section        0  stm32f1xx_it.o(i.BusFault_Handler)
    i.DAP_JTAG_Transfer                      0x080001e8   Section        0  dap.o(i.DAP_JTAG_Transfer)
    DAP_JTAG_Transfer                        0x080001e9   Thumb Code   806  dap.o(i.DAP_JTAG_Transfer)
    i.DAP_JTAG_TransferBlock                 0x08000518   Section        0  dap.o(i.DAP_JTAG_TransferBlock)
    DAP_JTAG_TransferBlock                   0x08000519   Thumb Code   322  dap.o(i.DAP_JTAG_TransferBlock)
    i.DAP_ProcessCommand                     0x08000664   Section        0  dap.o(i.DAP_ProcessCommand)
    i.DAP_ProcessVendorCommand               0x080009c8   Section        0  dap_vendor.o(i.DAP_ProcessVendorCommand)
    i.DAP_SWD_Transfer                       0x080009d4   Section        0  dap.o(i.DAP_SWD_Transfer)
    DAP_SWD_Transfer                         0x080009d5   Thumb Code   790  dap.o(i.DAP_SWD_Transfer)
    i.DAP_SWD_TransferBlock                  0x08000cf4   Section        0  dap.o(i.DAP_SWD_TransferBlock)
    DAP_SWD_TransferBlock                    0x08000cf5   Thumb Code   282  dap.o(i.DAP_SWD_TransferBlock)
    i.DAP_SWJ_Pins                           0x08000e18   Section        0  dap.o(i.DAP_SWJ_Pins)
    DAP_SWJ_Pins                             0x08000e19   Thumb Code   346  dap.o(i.DAP_SWJ_Pins)
    i.DAP_Setup                              0x08000f8c   Section        0  dap.o(i.DAP_Setup)
    i.DAP_WriteAbort                         0x08000fe4   Section        0  dap.o(i.DAP_WriteAbort)
    DAP_WriteAbort                           0x08000fe5   Thumb Code    86  dap.o(i.DAP_WriteAbort)
    i.DMA1_Channel2_IRQHandler               0x08001044   Section        0  stm32f1xx_it.o(i.DMA1_Channel2_IRQHandler)
    i.DMA1_Channel3_IRQHandler               0x08001050   Section        0  stm32f1xx_it.o(i.DMA1_Channel3_IRQHandler)
    i.DMA1_Channel6_IRQHandler               0x0800105c   Section        0  stm32f1xx_it.o(i.DMA1_Channel6_IRQHandler)
    i.DMA1_Channel7_IRQHandler               0x08001068   Section        0  stm32f1xx_it.o(i.DMA1_Channel7_IRQHandler)
    i.DebugMon_Handler                       0x08001074   Section        0  stm32f1xx_it.o(i.DebugMon_Handler)
    i.Error_Handler                          0x08001076   Section        0  main.o(i.Error_Handler)
    i.FATFS_LinkDriver                       0x08001078   Section        0  ff_gen_drv.o(i.FATFS_LinkDriver)
    i.FATFS_LinkDriverEx                     0x08001080   Section        0  ff_gen_drv.o(i.FATFS_LinkDriverEx)
    i.HAL_DMA_IRQHandler                     0x080010c0   Section        0  stm32f1xx_hal_dma.o(i.HAL_DMA_IRQHandler)
    i.HAL_DMA_Init                           0x08001214   Section        0  stm32f1xx_hal_dma.o(i.HAL_DMA_Init)
    i.HAL_GPIO_Init                          0x08001270   Section        0  stm32f1xx_hal_gpio.o(i.HAL_GPIO_Init)
    i.HAL_GPIO_WritePin                      0x08001450   Section        0  stm32f1xx_hal_gpio.o(i.HAL_GPIO_WritePin)
    i.HAL_GetTick                            0x0800145c   Section        0  stm32f1xx_hal.o(i.HAL_GetTick)
    i.HAL_IWDG_Init                          0x08001468   Section        0  stm32f1xx_hal_iwdg.o(i.HAL_IWDG_Init)
    i.HAL_IncTick                            0x080014bc   Section        0  stm32f1xx_hal.o(i.HAL_IncTick)
    i.HAL_Init                               0x080014cc   Section        0  stm32f1xx_hal.o(i.HAL_Init)
    i.HAL_InitTick                           0x080014f0   Section        0  stm32f1xx_hal.o(i.HAL_InitTick)
    i.HAL_MspInit                            0x08001530   Section        0  stm32f1xx_hal_msp.o(i.HAL_MspInit)
    i.HAL_NVIC_EnableIRQ                     0x0800156c   Section        0  stm32f1xx_hal_cortex.o(i.HAL_NVIC_EnableIRQ)
    i.HAL_NVIC_SetPriority                   0x08001588   Section        0  stm32f1xx_hal_cortex.o(i.HAL_NVIC_SetPriority)
    i.HAL_NVIC_SetPriorityGrouping           0x080015c8   Section        0  stm32f1xx_hal_cortex.o(i.HAL_NVIC_SetPriorityGrouping)
    i.HAL_RCCEx_PeriphCLKConfig              0x080015ec   Section        0  stm32f1xx_hal_rcc_ex.o(i.HAL_RCCEx_PeriphCLKConfig)
    i.HAL_RCC_ClockConfig                    0x080016d8   Section        0  stm32f1xx_hal_rcc.o(i.HAL_RCC_ClockConfig)
    i.HAL_RCC_GetPCLK1Freq                   0x08001804   Section        0  stm32f1xx_hal_rcc.o(i.HAL_RCC_GetPCLK1Freq)
    i.HAL_RCC_GetPCLK2Freq                   0x08001824   Section        0  stm32f1xx_hal_rcc.o(i.HAL_RCC_GetPCLK2Freq)
    i.HAL_RCC_GetSysClockFreq                0x08001844   Section        0  stm32f1xx_hal_rcc.o(i.HAL_RCC_GetSysClockFreq)
    i.HAL_RCC_OscConfig                      0x080018b0   Section        0  stm32f1xx_hal_rcc.o(i.HAL_RCC_OscConfig)
    i.HAL_SPI_Init                           0x08001bd0   Section        0  stm32f1xx_hal_spi.o(i.HAL_SPI_Init)
    i.HAL_SPI_MspInit                        0x08001c4c   Section        0  spi.o(i.HAL_SPI_MspInit)
    i.HAL_SYSTICK_Config                     0x08001d68   Section        0  stm32f1xx_hal_cortex.o(i.HAL_SYSTICK_Config)
    i.HAL_UART_Init                          0x08001d90   Section        0  stm32f1xx_hal_uart.o(i.HAL_UART_Init)
    i.HAL_UART_MspInit                       0x08001df4   Section        0  usart.o(i.HAL_UART_MspInit)
    i.HID_GetOutReport                       0x08001ebc   Section        0  hid_transfer.o(i.HID_GetOutReport)
    i.HID_SetInReport                        0x08001ef0   Section        0  hid_transfer.o(i.HID_SetInReport)
    i.HardFault_Handler                      0x08001ef2   Section        0  stm32f1xx_it.o(i.HardFault_Handler)
    i.JTAG2SWD                               0x08001ef4   Section        0  swd_host.o(i.JTAG2SWD)
    JTAG2SWD                                 0x08001ef5   Thumb Code    68  swd_host.o(i.JTAG2SWD)
    i.JTAG_IR                                0x08001f38   Section        0  jtag_dp.o(i.JTAG_IR)
    i.JTAG_IR_Fast                           0x08001f4c   Section        0  jtag_dp.o(i.JTAG_IR_Fast)
    i.JTAG_IR_Slow                           0x08001fec   Section        0  jtag_dp.o(i.JTAG_IR_Slow)
    i.JTAG_ReadIDCode                        0x08002134   Section        0  jtag_dp.o(i.JTAG_ReadIDCode)
    i.JTAG_Sequence                          0x08002208   Section        0  jtag_dp.o(i.JTAG_Sequence)
    i.JTAG_Transfer                          0x080022a4   Section        0  jtag_dp.o(i.JTAG_Transfer)
    i.JTAG_TransferFast                      0x080022b8   Section        0  jtag_dp.o(i.JTAG_TransferFast)
    i.JTAG_TransferSlow                      0x08002428   Section        0  jtag_dp.o(i.JTAG_TransferSlow)
    i.JTAG_WriteAbort                        0x080026e8   Section        0  jtag_dp.o(i.JTAG_WriteAbort)
    i.MX_DMA_Init                            0x08002858   Section        0  dma.o(i.MX_DMA_Init)
    i.MX_FATFS_Init                          0x080028e4   Section        0  fatfs.o(i.MX_FATFS_Init)
    i.MX_GPIO_Init                           0x08002900   Section        0  gpio.o(i.MX_GPIO_Init)
    i.MX_IWDG_Init                           0x080029e4   Section        0  iwdg.o(i.MX_IWDG_Init)
    i.MX_SPI1_Init                           0x08002a10   Section        0  spi.o(i.MX_SPI1_Init)
    i.MX_SPI2_Init                           0x08002a58   Section        0  spi.o(i.MX_SPI2_Init)
    i.MX_USART2_UART_Init                    0x08002a9c   Section        0  usart.o(i.MX_USART2_UART_Init)
    i.MemManage_Handler                      0x08002ad4   Section        0  stm32f1xx_it.o(i.MemManage_Handler)
    i.NMI_Handler                            0x08002ad6   Section        0  stm32f1xx_it.o(i.NMI_Handler)
    i.PORT_JTAG_SETUP                        0x08002ad8   Section        0  dap.o(i.PORT_JTAG_SETUP)
    PORT_JTAG_SETUP                          0x08002ad9   Thumb Code   130  dap.o(i.PORT_JTAG_SETUP)
    i.PORT_SWD_SETUP                         0x08002b68   Section        0  dap.o(i.PORT_SWD_SETUP)
    PORT_SWD_SETUP                           0x08002b69   Thumb Code   108  dap.o(i.PORT_SWD_SETUP)
    i.PendSV_Handler                         0x08002bdc   Section        0  stm32f1xx_it.o(i.PendSV_Handler)
    i.SVC_Handler                            0x08002bde   Section        0  stm32f1xx_it.o(i.SVC_Handler)
    i.SWD_Transfer                           0x08002be0   Section        0  sw_dp.o(i.SWD_Transfer)
    i.SWD_TransferFast                       0x08002bf4   Section        0  sw_dp.o(i.SWD_TransferFast)
    i.SWD_TransferSlow                       0x08002e24   Section        0  sw_dp.o(i.SWD_TransferSlow)
    i.SWJ_Sequence                           0x080031e0   Section        0  sw_dp.o(i.SWJ_Sequence)
    i.SysTick_Handler                        0x08003234   Section        0  stm32f1xx_it.o(i.SysTick_Handler)
    i.SystemClock_Config                     0x08003238   Section        0  main.o(i.SystemClock_Config)
    i.SystemInit                             0x080032a0   Section        0  system_stm32f1xx.o(i.SystemInit)
    i.UART_SetConfig                         0x080032e8   Section        0  stm32f1xx_hal_uart.o(i.UART_SetConfig)
    UART_SetConfig                           0x080032e9   Thumb Code   178  stm32f1xx_hal_uart.o(i.UART_SetConfig)
    i.USB_HP_CAN1_TX_IRQHandler              0x080033a0   Section        0  stm32_fs_init.o(i.USB_HP_CAN1_TX_IRQHandler)
    i.USB_LP_CAN1_RX0_IRQHandler             0x080033c8   Section        0  stm32_fs_init.o(i.USB_LP_CAN1_RX0_IRQHandler)
    i.USER_initialize                        0x0800345c   Section        0  user_diskio.o(i.USER_initialize)
    i.USER_ioctl                             0x0800346c   Section        0  user_diskio.o(i.USER_ioctl)
    i.USER_read                              0x08003470   Section        0  user_diskio.o(i.USER_read)
    i.USER_status                            0x08003474   Section        0  user_diskio.o(i.USER_status)
    i.USER_write                             0x08003484   Section        0  user_diskio.o(i.USER_write)
    i.UsageFault_Handler                     0x08003488   Section        0  stm32f1xx_it.o(i.UsageFault_Handler)
    i.__NVIC_SetPriority                     0x0800348a   Section        0  stm32f1xx_hal_cortex.o(i.__NVIC_SetPriority)
    __NVIC_SetPriority                       0x0800348b   Thumb Code    32  stm32f1xx_hal_cortex.o(i.__NVIC_SetPriority)
    i.__scatterload_copy                     0x080034aa   Section       14  handlers.o(i.__scatterload_copy)
    i.__scatterload_null                     0x080034b8   Section        2  handlers.o(i.__scatterload_null)
    i.__scatterload_zeroinit                 0x080034ba   Section       14  handlers.o(i.__scatterload_zeroinit)
    i.cdc_ctrl                               0x080034c8   Section        0  tusbd_cdc.o(i.cdc_ctrl)
    cdc_ctrl                                 0x080034c9   Thumb Code   106  tusbd_cdc.o(i.cdc_ctrl)
    i.cdc_dataout_request                    0x08003532   Section        0  tusbd_cdc.o(i.cdc_dataout_request)
    cdc_dataout_request                      0x08003533   Thumb Code    58  tusbd_cdc.o(i.cdc_dataout_request)
    i.cdc_line_coding_change                 0x0800356c   Section        0  main.o(i.cdc_line_coding_change)
    i.cdc_recv_data                          0x08003570   Section        0  main.o(i.cdc_recv_data)
    i.cdc_send_done                          0x0800357c   Section        0  main.o(i.cdc_send_done)
    i.copy_tx                                0x0800358c   Section        0  teeny_usb_stm32_fs_device.o(i.copy_tx)
    copy_tx                                  0x0800358d   Thumb Code    82  teeny_usb_stm32_fs_device.o(i.copy_tx)
    i.flash_write                            0x080035e4   Section        0  board.o(i.flash_write)
    i.handle_msc_scsi_command                0x080036a4   Section        0  tusbd_msc.o(i.handle_msc_scsi_command)
    handle_msc_scsi_command                  0x080036a5   Thumb Code   106  tusbd_msc.o(i.handle_msc_scsi_command)
    i.hid_dataout_request                    0x0800370e   Section        0  tusbd_hid.o(i.hid_dataout_request)
    hid_dataout_request                      0x0800370f   Thumb Code    60  tusbd_hid.o(i.hid_dataout_request)
    i.hid_recv_data                          0x0800374c   Section        0  main.o(i.hid_recv_data)
    i.hid_send_done                          0x08003768   Section        0  main.o(i.hid_send_done)
    i.init_ep                                0x0800377c   Section        0  main.o(i.init_ep)
    init_ep                                  0x0800377d   Thumb Code   216  main.o(i.init_ep)
    i.int2array                              0x08003868   Section        0  swd_host.o(i.int2array)
    int2array                                0x08003869   Thumb Code    24  swd_host.o(i.int2array)
    i.main                                   0x08003880   Section        0  main.o(i.main)
    i.msc_block_read                         0x080038f8   Section        0  composite_device.o(i.msc_block_read)
    i.msc_block_write                        0x08003914   Section        0  composite_device.o(i.msc_block_write)
    i.msc_data_out                           0x08003930   Section        0  tusbd_msc.o(i.msc_data_out)
    msc_data_out                             0x08003931   Thumb Code   128  tusbd_msc.o(i.msc_data_out)
    i.msc_get_cap                            0x080039b8   Section        0  composite_device.o(i.msc_get_cap)
    i.msc_prepare_rx                         0x080039c6   Section        0  tusbd_msc.o(i.msc_prepare_rx)
    msc_prepare_rx                           0x080039c7   Thumb Code    30  tusbd_msc.o(i.msc_prepare_rx)
    i.msc_scsi_command                       0x080039e4   Section        0  tusbd_msc.o(i.msc_scsi_command)
    msc_scsi_command                         0x080039e5   Thumb Code   432  tusbd_msc.o(i.msc_scsi_command)
    i.msc_scsi_inquiry                       0x08003b94   Section        0  tusbd_msc.o(i.msc_scsi_inquiry)
    msc_scsi_inquiry                         0x08003b95   Thumb Code   198  tusbd_msc.o(i.msc_scsi_inquiry)
    i.msc_scsi_read_10                       0x08003c90   Section        0  tusbd_msc.o(i.msc_scsi_read_10)
    msc_scsi_read_10                         0x08003c91   Thumb Code   108  tusbd_msc.o(i.msc_scsi_read_10)
    i.msc_scsi_read_capacity_10              0x08003cfc   Section        0  tusbd_msc.o(i.msc_scsi_read_capacity_10)
    msc_scsi_read_capacity_10                0x08003cfd   Thumb Code   108  tusbd_msc.o(i.msc_scsi_read_capacity_10)
    i.msc_scsi_read_format_capacity          0x08003d68   Section        0  tusbd_msc.o(i.msc_scsi_read_format_capacity)
    msc_scsi_read_format_capacity            0x08003d69   Thumb Code   104  tusbd_msc.o(i.msc_scsi_read_format_capacity)
    i.msc_scsi_sense                         0x08003dd0   Section        0  tusbd_msc.o(i.msc_scsi_sense)
    msc_scsi_sense                           0x08003dd1   Thumb Code    18  tusbd_msc.o(i.msc_scsi_sense)
    i.msc_scsi_write_10                      0x08003de2   Section        0  tusbd_msc.o(i.msc_scsi_write_10)
    msc_scsi_write_10                        0x08003de3   Thumb Code   208  tusbd_msc.o(i.msc_scsi_write_10)
    i.msc_send_csw                           0x08003eb4   Section        0  tusbd_msc.o(i.msc_send_csw)
    msc_send_csw                             0x08003eb5   Thumb Code    26  tusbd_msc.o(i.msc_send_csw)
    i.msc_send_data                          0x08003ed4   Section        0  tusbd_msc.o(i.msc_send_data)
    msc_send_data                            0x08003ed5   Thumb Code    28  tusbd_msc.o(i.msc_send_data)
    i.swd_init                               0x08003ef0   Section        0  swd_host.o(i.swd_init)
    i.swd_init_debug                         0x08003f6c   Section        0  swd_host.o(i.swd_init_debug)
    i.swd_read_dp                            0x08003ffc   Section        0  swd_host.o(i.swd_read_dp)
    i.swd_reset                              0x0800403e   Section        0  swd_host.o(i.swd_reset)
    swd_reset                                0x0800403f   Thumb Code    28  swd_host.o(i.swd_reset)
    i.swd_transfer_retry                     0x0800405a   Section        0  swd_host.o(i.swd_transfer_retry)
    swd_transfer_retry                       0x0800405b   Thumb Code    30  swd_host.o(i.swd_transfer_retry)
    i.swd_write_ap                           0x08004078   Section        0  swd_host.o(i.swd_write_ap)
    i.swd_write_block                        0x080040d4   Section        0  swd_host.o(i.swd_write_block)
    swd_write_block                          0x080040d5   Thumb Code    88  swd_host.o(i.swd_write_block)
    i.swd_write_byte                         0x08004130   Section        0  swd_host.o(i.swd_write_byte)
    swd_write_byte                           0x08004131   Thumb Code    40  swd_host.o(i.swd_write_byte)
    i.swd_write_data                         0x0800415c   Section        0  swd_host.o(i.swd_write_data)
    swd_write_data                           0x0800415d   Thumb Code    64  swd_host.o(i.swd_write_data)
    i.swd_write_dp                           0x0800419c   Section        0  swd_host.o(i.swd_write_dp)
    i.swd_write_memory                       0x080041d0   Section        0  swd_host.o(i.swd_write_memory)
    i.tsub_resume                            0x08004244   Section        0  stm32_fs_init.o(i.tsub_resume)
    i.tusb_cdc_device_init                   0x0800425c   Section        0  tusbd_cdc.o(i.tusb_cdc_device_init)
    tusb_cdc_device_init                     0x0800425d   Thumb Code    52  tusbd_cdc.o(i.tusb_cdc_device_init)
    i.tusb_cdc_device_recv_done              0x08004290   Section        0  tusbd_cdc.o(i.tusb_cdc_device_recv_done)
    tusb_cdc_device_recv_done                0x08004291   Thumb Code    22  tusbd_cdc.o(i.tusb_cdc_device_recv_done)
    i.tusb_cdc_device_request                0x080042a8   Section        0  tusbd_cdc.o(i.tusb_cdc_device_request)
    tusb_cdc_device_request                  0x080042a9   Thumb Code   104  tusbd_cdc.o(i.tusb_cdc_device_request)
    i.tusb_cdc_device_send_done              0x08004314   Section        0  tusbd_cdc.o(i.tusb_cdc_device_send_done)
    tusb_cdc_device_send_done                0x08004315   Thumb Code    26  tusbd_cdc.o(i.tusb_cdc_device_send_done)
    i.tusb_class_request                     0x0800432e   Section        0  tusbd.o(i.tusb_class_request)
    i.tusb_clear_stall                       0x0800435c   Section        0  teeny_usb_stm32_fs_device.o(i.tusb_clear_stall)
    i.tusb_delay_ms                          0x08004400   Section        0  main.o(i.tusb_delay_ms)
    i.tusb_disconnect                        0x08004414   Section        0  stm32_fs_init.o(i.tusb_disconnect)
    tusb_disconnect                          0x08004415   Thumb Code    46  stm32_fs_init.o(i.tusb_disconnect)
    i.tusb_ep_handler                        0x0800444c   Section        0  teeny_usb_stm32_fs_device.o(i.tusb_ep_handler)
    i.tusb_get_descriptor                    0x080044d8   Section        0  teeny_usb.o(i.tusb_get_descriptor)
    tusb_get_descriptor                      0x080044d9   Thumb Code   224  teeny_usb.o(i.tusb_get_descriptor)
    i.tusb_get_device                        0x080045b8   Section        0  stm32_fs_init.o(i.tusb_get_device)
    i.tusb_hid_device_init                   0x080045c8   Section        0  tusbd_hid.o(i.tusb_hid_device_init)
    tusb_hid_device_init                     0x080045c9   Thumb Code    30  tusbd_hid.o(i.tusb_hid_device_init)
    i.tusb_hid_device_recv_done              0x080045e6   Section        0  tusbd_hid.o(i.tusb_hid_device_recv_done)
    tusb_hid_device_recv_done                0x080045e7   Thumb Code    22  tusbd_hid.o(i.tusb_hid_device_recv_done)
    i.tusb_hid_device_request                0x080045fc   Section        0  tusbd_hid.o(i.tusb_hid_device_request)
    tusb_hid_device_request                  0x080045fd   Thumb Code   258  tusbd_hid.o(i.tusb_hid_device_request)
    i.tusb_hid_device_send_done              0x08004704   Section        0  tusbd_hid.o(i.tusb_hid_device_send_done)
    tusb_hid_device_send_done                0x08004705   Thumb Code    10  tusbd_hid.o(i.tusb_hid_device_send_done)
    i.tusb_msc_device_init                   0x0800470e   Section        0  tusbd_msc.o(i.tusb_msc_device_init)
    tusb_msc_device_init                     0x0800470f   Thumb Code    44  tusbd_msc.o(i.tusb_msc_device_init)
    i.tusb_msc_device_loop                   0x0800473a   Section        0  tusbd_msc.o(i.tusb_msc_device_loop)
    i.tusb_msc_device_recv_done              0x0800478c   Section        0  tusbd_msc.o(i.tusb_msc_device_recv_done)
    tusb_msc_device_recv_done                0x0800478d   Thumb Code    28  tusbd_msc.o(i.tusb_msc_device_recv_done)
    i.tusb_msc_device_request                0x080047a8   Section        0  tusbd_msc.o(i.tusb_msc_device_request)
    tusb_msc_device_request                  0x080047a9   Thumb Code   120  tusbd_msc.o(i.tusb_msc_device_request)
    i.tusb_msc_device_send_done              0x08004820   Section        0  tusbd_msc.o(i.tusb_msc_device_send_done)
    tusb_msc_device_send_done                0x08004821   Thumb Code    24  tusbd_msc.o(i.tusb_msc_device_send_done)
    i.tusb_on_rx_done                        0x08004838   Section        0  tusbd.o(i.tusb_on_rx_done)
    i.tusb_on_tx_done                        0x08004860   Section        0  tusbd.o(i.tusb_on_tx_done)
    i.tusb_open_device                       0x08004884   Section        0  stm32_fs_init.o(i.tusb_open_device)
    i.tusb_pma_rx                            0x080048f8   Section        0  teeny_usb_stm32_fs_device.o(i.tusb_pma_rx)
    tusb_pma_rx                              0x080048f9   Thumb Code    50  teeny_usb_stm32_fs_device.o(i.tusb_pma_rx)
    i.tusb_read_ep0                          0x08004930   Section        0  teeny_usb_stm32_fs_device.o(i.tusb_read_ep0)
    i.tusb_reconfig                          0x0800493c   Section        0  tusbd.o(i.tusb_reconfig)
    i.tusb_recv_data                         0x08004968   Section        0  teeny_usb_stm32_fs_device.o(i.tusb_recv_data)
    i.tusb_send_data                         0x08004a0c   Section        0  teeny_usb_stm32_fs_device.o(i.tusb_send_data)
    i.tusb_send_data_done                    0x08004a90   Section        0  teeny_usb_stm32_fs_device.o(i.tusb_send_data_done)
    i.tusb_set_addr_after_status             0x08004b1c   Section        0  teeny_usb_stm32_fs_device.o(i.tusb_set_addr_after_status)
    i.tusb_set_addr_before_status            0x08004b34   Section        0  teeny_usb.o(i.tusb_set_addr_before_status)
    i.tusb_set_device_config                 0x08004b36   Section        0  tusbd.o(i.tusb_set_device_config)
    i.tusb_set_recv_buffer                   0x08004b8e   Section        0  teeny_usb.o(i.tusb_set_recv_buffer)
    i.tusb_set_rx_valid                      0x08004ba4   Section        0  teeny_usb_stm32_fs_device.o(i.tusb_set_rx_valid)
    i.tusb_set_stall                         0x08004bd4   Section        0  teeny_usb_stm32_fs_device.o(i.tusb_set_stall)
    i.tusb_setup_handler                     0x08004c28   Section        0  teeny_usb.o(i.tusb_setup_handler)
    i.tusb_standard_request                  0x08004c48   Section        0  teeny_usb.o(i.tusb_standard_request)
    tusb_standard_request                    0x08004c49   Thumb Code   232  teeny_usb.o(i.tusb_standard_request)
    i.usbd_hid_process                       0x08004d38   Section        0  hid_transfer.o(i.usbd_hid_process)
    i.wait_flash                             0x08004d70   Section        0  board.o(i.wait_flash)
    wait_flash                               0x08004d71   Thumb Code    32  board.o(i.wait_flash)
    .constdata                               0x08004d94   Section        8  dap.o(.constdata)
    .constdata                               0x08004d9c   Section       18  teeny_usb_desc.o(.constdata)
    .constdata                               0x08004db0   Section      130  teeny_usb_desc.o(.constdata)
    .constdata                               0x08004e34   Section        4  teeny_usb_desc.o(.constdata)
    .constdata                               0x08004e38   Section       14  teeny_usb_desc.o(.constdata)
    .constdata                               0x08004e48   Section       34  teeny_usb_desc.o(.constdata)
    .constdata                               0x08004e6c   Section       24  teeny_usb_desc.o(.constdata)
    .constdata                               0x08004e84   Section       16  teeny_usb_desc.o(.constdata)
    .constdata                               0x08004e94   Section       24  teeny_usb_desc.o(.constdata)
    .constdata                               0x08004eac   Section        5  teeny_usb_desc.o(.constdata)
    .constdata                               0x08004eb1   Section        5  teeny_usb_desc.o(.constdata)
    .constdata                               0x08004eb8   Section       16  teeny_usb_desc.o(.constdata)
    .constdata                               0x08004ec8   Section       16  tusbd_hid.o(.constdata)
    .constdata                               0x08004ed8   Section       16  tusbd_msc.o(.constdata)
    .constdata                               0x08004ee8   Section       16  tusbd_cdc.o(.constdata)
    .constdata                               0x08004ef8   Section       16  system_stm32f1xx.o(.constdata)
    .constdata                               0x08004f08   Section        8  system_stm32f1xx.o(.constdata)
    .data                                    0x20000000   Section       56  main.o(.data)
    .data                                    0x20000038   Section     4376  main.o(.data)
    hid_len                                  0x20000038   Data           4  main.o(.data)
    cdc_len                                  0x2000003c   Data           4  main.o(.data)
    .data                                    0x20001150   Section       16  main.o(.data)
    device_interfaces                        0x20001150   Data          16  main.o(.data)
    .data                                    0x20001160   Section        1  dap.o(.data)
    .data                                    0x20001161   Section        1  hid_transfer.o(.data)
    .data                                    0x20001164   Section        8  swd_host.o(.data)
    dap_state                                0x20001164   Data           8  swd_host.o(.data)
    .data                                    0x2000116c   Section        4  swd_flash.o(.data)
    .data                                    0x20001170   Section        4  teeny_usb.o(.data)
    temp                                     0x20001170   Data           4  teeny_usb.o(.data)
    .data                                    0x20001174   Section        4  board.o(.data)
    flash_init                               0x20001174   Data           4  board.o(.data)
    .data                                    0x20001178   Section       12  stm32f1xx_hal.o(.data)
    .data                                    0x20001184   Section        4  system_stm32f1xx.o(.data)
    .data                                    0x20001188   Section        1  user_diskio.o(.data)
    Stat                                     0x20001188   Data           1  user_diskio.o(.data)
    .data                                    0x2000118c   Section       20  user_diskio.o(.data)
    .data                                    0x200011a0   Section        5  fatfs.o(.data)
    .bss                                     0x200011a8   Section       96  main.o(.bss)
    .bss                                     0x20001208   Section       68  dma.o(.bss)
    .bss                                     0x2000124c   Section       12  iwdg.o(.bss)
    .bss                                     0x20001258   Section      312  spi.o(.bss)
    .bss                                     0x20001390   Section      200  usart.o(.bss)
    .bss                                     0x20001458   Section       64  dap.o(.bss)
    .bss                                     0x20001498   Section      130  hid_transfer.o(.bss)
    .bss                                     0x2000151c   Section      400  stm32_fs_init.o(.bss)
    desc_buf                                 0x2000151c   Data         256  stm32_fs_init.o(.bss)
    tusb_dev                                 0x2000161c   Data         144  stm32_fs_init.o(.bss)
    .bss                                     0x200016ac   Section       12  ff_gen_drv.o(.bss)
    STACK                                    0x200016b8   Section     4096  startup_stm32f103xb.o(STACK)

    Global Symbols

    Symbol Name                              Value     Ov Type        Size  Object(Section)

    BuildAttributes$$THM_ISAv4$P$D$K$B$S$PE$A:L22UL41UL21$X:L11$S22US41US21$IEEE1$IW$USESV6$~STKCKD$USESV7$~SHL$OSPACE$EBA8$MICROLIB$REQ8$PRES8$EABIv2 0x00000000   Number         0  anon$$obj.o ABSOLUTE
    __ARM_use_no_argv                        0x00000000   Number         0  main.o ABSOLUTE
    __cpp_initialize__aeabi_                  - Undefined Weak Reference
    __cxa_finalize                            - Undefined Weak Reference
    _clock_init                               - Undefined Weak Reference
    _microlib_exit                            - Undefined Weak Reference
    __Vectors_Size                           0x000000ec   Number         0  startup_stm32f103xb.o ABSOLUTE
    __Vectors                                0x08000000   Data           4  startup_stm32f103xb.o(RESET)
    __Vectors_End                            0x080000ec   Data           0  startup_stm32f103xb.o(RESET)
    __main                                   0x080000ed   Thumb Code     0  entry.o(.ARM.Collect$$$$00000000)
    _main_stk                                0x080000ed   Thumb Code     0  entry2.o(.ARM.Collect$$$$00000001)
    _main_scatterload                        0x080000f1   Thumb Code     0  entry5.o(.ARM.Collect$$$$00000004)
    __main_after_scatterload                 0x080000f5   Thumb Code     0  entry5.o(.ARM.Collect$$$$00000004)
    _main_clock                              0x080000f5   Thumb Code     0  entry7b.o(.ARM.Collect$$$$00000008)
    _main_cpp_init                           0x080000f5   Thumb Code     0  entry8b.o(.ARM.Collect$$$$0000000A)
    _main_init                               0x080000f5   Thumb Code     0  entry9a.o(.ARM.Collect$$$$0000000B)
    __rt_final_cpp                           0x080000fd   Thumb Code     0  entry10a.o(.ARM.Collect$$$$0000000D)
    __rt_final_exit                          0x080000fd   Thumb Code     0  entry11a.o(.ARM.Collect$$$$0000000F)
    Reset_Handler                            0x08000101   Thumb Code     8  startup_stm32f103xb.o(.text)
    ADC1_2_IRQHandler                        0x0800011b   Thumb Code     0  startup_stm32f103xb.o(.text)
    CAN1_RX1_IRQHandler                      0x0800011b   Thumb Code     0  startup_stm32f103xb.o(.text)
    CAN1_SCE_IRQHandler                      0x0800011b   Thumb Code     0  startup_stm32f103xb.o(.text)
    DMA1_Channel1_IRQHandler                 0x0800011b   Thumb Code     0  startup_stm32f103xb.o(.text)
    DMA1_Channel4_IRQHandler                 0x0800011b   Thumb Code     0  startup_stm32f103xb.o(.text)
    DMA1_Channel5_IRQHandler                 0x0800011b   Thumb Code     0  startup_stm32f103xb.o(.text)
    EXTI0_IRQHandler                         0x0800011b   Thumb Code     0  startup_stm32f103xb.o(.text)
    EXTI15_10_IRQHandler                     0x0800011b   Thumb Code     0  startup_stm32f103xb.o(.text)
    EXTI1_IRQHandler                         0x0800011b   Thumb Code     0  startup_stm32f103xb.o(.text)
    EXTI2_IRQHandler                         0x0800011b   Thumb Code     0  startup_stm32f103xb.o(.text)
    EXTI3_IRQHandler                         0x0800011b   Thumb Code     0  startup_stm32f103xb.o(.text)
    EXTI4_IRQHandler                         0x0800011b   Thumb Code     0  startup_stm32f103xb.o(.text)
    EXTI9_5_IRQHandler                       0x0800011b   Thumb Code     0  startup_stm32f103xb.o(.text)
    FLASH_IRQHandler                         0x0800011b   Thumb Code     0  startup_stm32f103xb.o(.text)
    I2C1_ER_IRQHandler                       0x0800011b   Thumb Code     0  startup_stm32f103xb.o(.text)
    I2C1_EV_IRQHandler                       0x0800011b   Thumb Code     0  startup_stm32f103xb.o(.text)
    I2C2_ER_IRQHandler                       0x0800011b   Thumb Code     0  startup_stm32f103xb.o(.text)
    I2C2_EV_IRQHandler                       0x0800011b   Thumb Code     0  startup_stm32f103xb.o(.text)
    PVD_IRQHandler                           0x0800011b   Thumb Code     0  startup_stm32f103xb.o(.text)
    RCC_IRQHandler                           0x0800011b   Thumb Code     0  startup_stm32f103xb.o(.text)
    RTC_Alarm_IRQHandler                     0x0800011b   Thumb Code     0  startup_stm32f103xb.o(.text)
    RTC_IRQHandler                           0x0800011b   Thumb Code     0  startup_stm32f103xb.o(.text)
    SPI1_IRQHandler                          0x0800011b   Thumb Code     0  startup_stm32f103xb.o(.text)
    SPI2_IRQHandler                          0x0800011b   Thumb Code     0  startup_stm32f103xb.o(.text)
    TAMPER_IRQHandler                        0x0800011b   Thumb Code     0  startup_stm32f103xb.o(.text)
    TIM1_BRK_IRQHandler                      0x0800011b   Thumb Code     0  startup_stm32f103xb.o(.text)
    TIM1_CC_IRQHandler                       0x0800011b   Thumb Code     0  startup_stm32f103xb.o(.text)
    TIM1_TRG_COM_IRQHandler                  0x0800011b   Thumb Code     0  startup_stm32f103xb.o(.text)
    TIM1_UP_IRQHandler                       0x0800011b   Thumb Code     0  startup_stm32f103xb.o(.text)
    TIM2_IRQHandler                          0x0800011b   Thumb Code     0  startup_stm32f103xb.o(.text)
    TIM3_IRQHandler                          0x0800011b   Thumb Code     0  startup_stm32f103xb.o(.text)
    TIM4_IRQHandler                          0x0800011b   Thumb Code     0  startup_stm32f103xb.o(.text)
    USART1_IRQHandler                        0x0800011b   Thumb Code     0  startup_stm32f103xb.o(.text)
    USART2_IRQHandler                        0x0800011b   Thumb Code     0  startup_stm32f103xb.o(.text)
    USART3_IRQHandler                        0x0800011b   Thumb Code     0  startup_stm32f103xb.o(.text)
    USBWakeUp_IRQHandler                     0x0800011b   Thumb Code     0  startup_stm32f103xb.o(.text)
    WWDG_IRQHandler                          0x0800011b   Thumb Code     0  startup_stm32f103xb.o(.text)
    __aeabi_memcpy                           0x08000125   Thumb Code    36  memcpya.o(.text)
    __aeabi_memcpy4                          0x08000125   Thumb Code     0  memcpya.o(.text)
    __aeabi_memcpy8                          0x08000125   Thumb Code     0  memcpya.o(.text)
    __aeabi_memset                           0x08000149   Thumb Code    14  memseta.o(.text)
    __aeabi_memset4                          0x08000149   Thumb Code     0  memseta.o(.text)
    __aeabi_memset8                          0x08000149   Thumb Code     0  memseta.o(.text)
    __aeabi_memclr                           0x08000157   Thumb Code     4  memseta.o(.text)
    __aeabi_memclr4                          0x08000157   Thumb Code     0  memseta.o(.text)
    __aeabi_memclr8                          0x08000157   Thumb Code     0  memseta.o(.text)
    _memset$wrapper                          0x0800015b   Thumb Code    18  memseta.o(.text)
    __scatterload                            0x0800016d   Thumb Code    28  init.o(.text)
    __scatterload_rt2                        0x0800016d   Thumb Code     0  init.o(.text)
    __decompress                             0x08000191   Thumb Code     0  __dczerorl2.o(.text)
    __decompress1                            0x08000191   Thumb Code    86  __dczerorl2.o(.text)
    BusFault_Handler                         0x080001e7   Thumb Code     2  stm32f1xx_it.o(i.BusFault_Handler)
    DAP_ProcessCommand                       0x08000665   Thumb Code   828  dap.o(i.DAP_ProcessCommand)
    DAP_ProcessVendorCommand                 0x080009c9   Thumb Code    12  dap_vendor.o(i.DAP_ProcessVendorCommand)
    DAP_Setup                                0x08000f8d   Thumb Code    78  dap.o(i.DAP_Setup)
    DMA1_Channel2_IRQHandler                 0x08001045   Thumb Code     6  stm32f1xx_it.o(i.DMA1_Channel2_IRQHandler)
    DMA1_Channel3_IRQHandler                 0x08001051   Thumb Code     6  stm32f1xx_it.o(i.DMA1_Channel3_IRQHandler)
    DMA1_Channel6_IRQHandler                 0x0800105d   Thumb Code     6  stm32f1xx_it.o(i.DMA1_Channel6_IRQHandler)
    DMA1_Channel7_IRQHandler                 0x08001069   Thumb Code     6  stm32f1xx_it.o(i.DMA1_Channel7_IRQHandler)
    DebugMon_Handler                         0x08001075   Thumb Code     2  stm32f1xx_it.o(i.DebugMon_Handler)
    Error_Handler                            0x08001077   Thumb Code     2  main.o(i.Error_Handler)
    FATFS_LinkDriver                         0x08001079   Thumb Code     6  ff_gen_drv.o(i.FATFS_LinkDriver)
    FATFS_LinkDriverEx                       0x08001081   Thumb Code    60  ff_gen_drv.o(i.FATFS_LinkDriverEx)
    HAL_DMA_IRQHandler                       0x080010c1   Thumb Code   316  stm32f1xx_hal_dma.o(i.HAL_DMA_IRQHandler)
    HAL_DMA_Init                             0x08001215   Thumb Code    84  stm32f1xx_hal_dma.o(i.HAL_DMA_Init)
    HAL_GPIO_Init                            0x08001271   Thumb Code   446  stm32f1xx_hal_gpio.o(i.HAL_GPIO_Init)
    HAL_GPIO_WritePin                        0x08001451   Thumb Code    10  stm32f1xx_hal_gpio.o(i.HAL_GPIO_WritePin)
    HAL_GetTick                              0x0800145d   Thumb Code     6  stm32f1xx_hal.o(i.HAL_GetTick)
    HAL_IWDG_Init                            0x08001469   Thumb Code    82  stm32f1xx_hal_iwdg.o(i.HAL_IWDG_Init)
    HAL_IncTick                              0x080014bd   Thumb Code    12  stm32f1xx_hal.o(i.HAL_IncTick)
    HAL_Init                                 0x080014cd   Thumb Code    32  stm32f1xx_hal.o(i.HAL_Init)
    HAL_InitTick                             0x080014f1   Thumb Code    54  stm32f1xx_hal.o(i.HAL_InitTick)
    HAL_MspInit                              0x08001531   Thumb Code    52  stm32f1xx_hal_msp.o(i.HAL_MspInit)
    HAL_NVIC_EnableIRQ                       0x0800156d   Thumb Code    26  stm32f1xx_hal_cortex.o(i.HAL_NVIC_EnableIRQ)
    HAL_NVIC_SetPriority                     0x08001589   Thumb Code    60  stm32f1xx_hal_cortex.o(i.HAL_NVIC_SetPriority)
    HAL_NVIC_SetPriorityGrouping             0x080015c9   Thumb Code    26  stm32f1xx_hal_cortex.o(i.HAL_NVIC_SetPriorityGrouping)
    HAL_RCCEx_PeriphCLKConfig                0x080015ed   Thumb Code   224  stm32f1xx_hal_rcc_ex.o(i.HAL_RCCEx_PeriphCLKConfig)
    HAL_RCC_ClockConfig                      0x080016d9   Thumb Code   280  stm32f1xx_hal_rcc.o(i.HAL_RCC_ClockConfig)
    HAL_RCC_GetPCLK1Freq                     0x08001805   Thumb Code    20  stm32f1xx_hal_rcc.o(i.HAL_RCC_GetPCLK1Freq)
    HAL_RCC_GetPCLK2Freq                     0x08001825   Thumb Code    20  stm32f1xx_hal_rcc.o(i.HAL_RCC_GetPCLK2Freq)
    HAL_RCC_GetSysClockFreq                  0x08001845   Thumb Code    74  stm32f1xx_hal_rcc.o(i.HAL_RCC_GetSysClockFreq)
    HAL_RCC_OscConfig                        0x080018b1   Thumb Code   778  stm32f1xx_hal_rcc.o(i.HAL_RCC_OscConfig)
    HAL_SPI_Init                             0x08001bd1   Thumb Code   124  stm32f1xx_hal_spi.o(i.HAL_SPI_Init)
    HAL_SPI_MspInit                          0x08001c4d   Thumb Code   256  spi.o(i.HAL_SPI_MspInit)
    HAL_SYSTICK_Config                       0x08001d69   Thumb Code    40  stm32f1xx_hal_cortex.o(i.HAL_SYSTICK_Config)
    HAL_UART_Init                            0x08001d91   Thumb Code    98  stm32f1xx_hal_uart.o(i.HAL_UART_Init)
    HAL_UART_MspInit                         0x08001df5   Thumb Code   180  usart.o(i.HAL_UART_MspInit)
    HID_GetOutReport                         0x08001ebd   Thumb Code    38  hid_transfer.o(i.HID_GetOutReport)
    HID_SetInReport                          0x08001ef1   Thumb Code     2  hid_transfer.o(i.HID_SetInReport)
    HardFault_Handler                        0x08001ef3   Thumb Code     2  stm32f1xx_it.o(i.HardFault_Handler)
    JTAG_IR                                  0x08001f39   Thumb Code    14  jtag_dp.o(i.JTAG_IR)
    JTAG_IR_Fast                             0x08001f4d   Thumb Code   152  jtag_dp.o(i.JTAG_IR_Fast)
    JTAG_IR_Slow                             0x08001fed   Thumb Code   318  jtag_dp.o(i.JTAG_IR_Slow)
    JTAG_ReadIDCode                          0x08002135   Thumb Code   202  jtag_dp.o(i.JTAG_ReadIDCode)
    JTAG_Sequence                            0x08002209   Thumb Code   146  jtag_dp.o(i.JTAG_Sequence)
    JTAG_Transfer                            0x080022a5   Thumb Code    14  jtag_dp.o(i.JTAG_Transfer)
    JTAG_TransferFast                        0x080022b9   Thumb Code   360  jtag_dp.o(i.JTAG_TransferFast)
    JTAG_TransferSlow                        0x08002429   Thumb Code   694  jtag_dp.o(i.JTAG_TransferSlow)
    JTAG_WriteAbort                          0x080026e9   Thumb Code   358  jtag_dp.o(i.JTAG_WriteAbort)
    MX_DMA_Init                              0x08002859   Thumb Code   128  dma.o(i.MX_DMA_Init)
    MX_FATFS_Init                            0x080028e5   Thumb Code    18  fatfs.o(i.MX_FATFS_Init)
    MX_GPIO_Init                             0x08002901   Thumb Code   212  gpio.o(i.MX_GPIO_Init)
    MX_IWDG_Init                             0x080029e5   Thumb Code    36  iwdg.o(i.MX_IWDG_Init)
    MX_SPI1_Init                             0x08002a11   Thumb Code    62  spi.o(i.MX_SPI1_Init)
    MX_SPI2_Init                             0x08002a59   Thumb Code    60  spi.o(i.MX_SPI2_Init)
    MX_USART2_UART_Init                      0x08002a9d   Thumb Code    48  usart.o(i.MX_USART2_UART_Init)
    MemManage_Handler                        0x08002ad5   Thumb Code     2  stm32f1xx_it.o(i.MemManage_Handler)
    NMI_Handler                              0x08002ad7   Thumb Code     2  stm32f1xx_it.o(i.NMI_Handler)
    PendSV_Handler                           0x08002bdd   Thumb Code     2  stm32f1xx_it.o(i.PendSV_Handler)
    SVC_Handler                              0x08002bdf   Thumb Code     2  stm32f1xx_it.o(i.SVC_Handler)
    SWD_Transfer                             0x08002be1   Thumb Code    14  sw_dp.o(i.SWD_Transfer)
    SWD_TransferFast                         0x08002bf5   Thumb Code   552  sw_dp.o(i.SWD_TransferFast)
    SWD_TransferSlow                         0x08002e25   Thumb Code   946  sw_dp.o(i.SWD_TransferSlow)
    SWJ_Sequence                             0x080031e1   Thumb Code    74  sw_dp.o(i.SWJ_Sequence)
    SysTick_Handler                          0x08003235   Thumb Code     4  stm32f1xx_it.o(i.SysTick_Handler)
    SystemClock_Config                       0x08003239   Thumb Code   104  main.o(i.SystemClock_Config)
    SystemInit                               0x080032a1   Thumb Code    56  system_stm32f1xx.o(i.SystemInit)
    USB_HP_CAN1_TX_IRQHandler                0x080033a1   Thumb Code    32  stm32_fs_init.o(i.USB_HP_CAN1_TX_IRQHandler)
    USB_LP_CAN1_RX0_IRQHandler               0x080033c9   Thumb Code   130  stm32_fs_init.o(i.USB_LP_CAN1_RX0_IRQHandler)
    USER_initialize                          0x0800345d   Thumb Code    10  user_diskio.o(i.USER_initialize)
    USER_ioctl                               0x0800346d   Thumb Code     4  user_diskio.o(i.USER_ioctl)
    USER_read                                0x08003471   Thumb Code     4  user_diskio.o(i.USER_read)
    USER_status                              0x08003475   Thumb Code    10  user_diskio.o(i.USER_status)
    USER_write                               0x08003485   Thumb Code     4  user_diskio.o(i.USER_write)
    UsageFault_Handler                       0x08003489   Thumb Code     2  stm32f1xx_it.o(i.UsageFault_Handler)
    __scatterload_copy                       0x080034ab   Thumb Code    14  handlers.o(i.__scatterload_copy)
    __scatterload_null                       0x080034b9   Thumb Code     2  handlers.o(i.__scatterload_null)
    __scatterload_zeroinit                   0x080034bb   Thumb Code    14  handlers.o(i.__scatterload_zeroinit)
    cdc_line_coding_change                   0x0800356d   Thumb Code     2  main.o(i.cdc_line_coding_change)
    cdc_recv_data                            0x08003571   Thumb Code     8  main.o(i.cdc_recv_data)
    cdc_send_done                            0x0800357d   Thumb Code    14  main.o(i.cdc_send_done)
    flash_write                              0x080035e5   Thumb Code   174  board.o(i.flash_write)
    hid_recv_data                            0x0800374d   Thumb Code    18  main.o(i.hid_recv_data)
    hid_send_done                            0x08003769   Thumb Code    18  main.o(i.hid_send_done)
    main                                     0x08003881   Thumb Code   106  main.o(i.main)
    msc_block_read                           0x080038f9   Thumb Code    24  composite_device.o(i.msc_block_read)
    msc_block_write                          0x08003915   Thumb Code    24  composite_device.o(i.msc_block_write)
    msc_get_cap                              0x080039b9   Thumb Code    14  composite_device.o(i.msc_get_cap)
    swd_init                                 0x08003ef1   Thumb Code   116  swd_host.o(i.swd_init)
    swd_init_debug                           0x08003f6d   Thumb Code   134  swd_host.o(i.swd_init_debug)
    swd_read_dp                              0x08003ffd   Thumb Code    66  swd_host.o(i.swd_read_dp)
    swd_write_ap                             0x08004079   Thumb Code    86  swd_host.o(i.swd_write_ap)
    swd_write_dp                             0x0800419d   Thumb Code    48  swd_host.o(i.swd_write_dp)
    swd_write_memory                         0x080041d1   Thumb Code   112  swd_host.o(i.swd_write_memory)
    tsub_resume                              0x08004245   Thumb Code    18  stm32_fs_init.o(i.tsub_resume)
    tusb_class_request                       0x0800432f   Thumb Code    44  tusbd.o(i.tusb_class_request)
    tusb_clear_stall                         0x0800435d   Thumb Code   156  teeny_usb_stm32_fs_device.o(i.tusb_clear_stall)
    tusb_delay_ms                            0x08004401   Thumb Code    20  main.o(i.tusb_delay_ms)
    tusb_ep_handler                          0x0800444d   Thumb Code   132  teeny_usb_stm32_fs_device.o(i.tusb_ep_handler)
    tusb_get_device                          0x080045b9   Thumb Code    12  stm32_fs_init.o(i.tusb_get_device)
    tusb_msc_device_loop                     0x0800473b   Thumb Code    82  tusbd_msc.o(i.tusb_msc_device_loop)
    tusb_on_rx_done                          0x08004839   Thumb Code    40  tusbd.o(i.tusb_on_rx_done)
    tusb_on_tx_done                          0x08004861   Thumb Code    36  tusbd.o(i.tusb_on_tx_done)
    tusb_open_device                         0x08004885   Thumb Code   102  stm32_fs_init.o(i.tusb_open_device)
    tusb_read_ep0                            0x08004931   Thumb Code     8  teeny_usb_stm32_fs_device.o(i.tusb_read_ep0)
    tusb_reconfig                            0x0800493d   Thumb Code    44  tusbd.o(i.tusb_reconfig)
    tusb_recv_data                           0x08004969   Thumb Code   156  teeny_usb_stm32_fs_device.o(i.tusb_recv_data)
    tusb_send_data                           0x08004a0d   Thumb Code   124  teeny_usb_stm32_fs_device.o(i.tusb_send_data)
    tusb_send_data_done                      0x08004a91   Thumb Code   132  teeny_usb_stm32_fs_device.o(i.tusb_send_data_done)
    tusb_set_addr_after_status               0x08004b1d   Thumb Code    20  teeny_usb_stm32_fs_device.o(i.tusb_set_addr_after_status)
    tusb_set_addr_before_status              0x08004b35   Thumb Code     2  teeny_usb.o(i.tusb_set_addr_before_status)
    tusb_set_device_config                   0x08004b37   Thumb Code    88  tusbd.o(i.tusb_set_device_config)
    tusb_set_recv_buffer                     0x08004b8f   Thumb Code    20  teeny_usb.o(i.tusb_set_recv_buffer)
    tusb_set_rx_valid                        0x08004ba5   Thumb Code    44  teeny_usb_stm32_fs_device.o(i.tusb_set_rx_valid)
    tusb_set_stall                           0x08004bd5   Thumb Code    76  teeny_usb_stm32_fs_device.o(i.tusb_set_stall)
    tusb_setup_handler                       0x08004c29   Thumb Code    32  teeny_usb.o(i.tusb_setup_handler)
    usbd_hid_process                         0x08004d39   Thumb Code    44  hid_transfer.o(i.usbd_hid_process)
    DAP_FW_Ver                               0x08004d94   Data           8  dap.o(.constdata)
    COMP_DeviceDescriptor                    0x08004d9c   Data          18  teeny_usb_desc.o(.constdata)
    COMP_ConfigDescriptor                    0x08004db0   Data         130  teeny_usb_desc.o(.constdata)
    COMP_StringDescriptor0                   0x08004e34   Data           4  teeny_usb_desc.o(.constdata)
    COMP_StringDescriptor1                   0x08004e38   Data          14  teeny_usb_desc.o(.constdata)
    COMP_StringDescriptor2                   0x08004e48   Data          34  teeny_usb_desc.o(.constdata)
    COMP_StringDescriptor3                   0x08004e6c   Data          24  teeny_usb_desc.o(.constdata)
    COMP_StringDescriptors                   0x08004e84   Data          16  teeny_usb_desc.o(.constdata)
    COMP_ReportDescriptor_if0                0x08004e94   Data          24  teeny_usb_desc.o(.constdata)
    COMP_txEpMaxSize                         0x08004eac   Data           5  teeny_usb_desc.o(.constdata)
    COMP_rxEpMaxSize                         0x08004eb1   Data           5  teeny_usb_desc.o(.constdata)
    COMP_descriptors                         0x08004eb8   Data          16  teeny_usb_desc.o(.constdata)
    hid_device_backend                       0x08004ec8   Data          16  tusbd_hid.o(.constdata)
    msc_device_backend                       0x08004ed8   Data          16  tusbd_msc.o(.constdata)
    cdc_device_backend                       0x08004ee8   Data          16  tusbd_cdc.o(.constdata)
    AHBPrescTable                            0x08004ef8   Data          16  system_stm32f1xx.o(.constdata)
    APBPrescTable                            0x08004f08   Data           8  system_stm32f1xx.o(.constdata)
    Region$$Table$$Base                      0x08004f10   Number         0  anon$$obj.o(Region$$Table)
    Region$$Table$$Limit                     0x08004f30   Number         0  anon$$obj.o(Region$$Table)
    hid_dev                                  0x20000000   Data          56  main.o(.data)
    cdc_dev                                  0x20000040   Data          64  main.o(.data)
    msc_dev                                  0x20000080   Data        4196  main.o(.data)
    device_config                            0x200010e4   Data         108  main.o(.data)
    DAP_TransferAbort                        0x20001160   Data           1  dap.o(.data)
    dealing_data                             0x20001161   Data           1  hid_transfer.o(.data)
    Flash_Page_Size                          0x2000116c   Data           4  swd_flash.o(.data)
    uwTickFreq                               0x20001178   Data           1  stm32f1xx_hal.o(.data)
    uwTickPrio                               0x2000117c   Data           4  stm32f1xx_hal.o(.data)
    uwTick                                   0x20001180   Data           4  stm32f1xx_hal.o(.data)
    SystemCoreClock                          0x20001184   Data           4  system_stm32f1xx.o(.data)
    USER_Driver                              0x2000118c   Data          20  user_diskio.o(.data)
    retUSER                                  0x200011a0   Data           1  fatfs.o(.data)
    USERPath                                 0x200011a1   Data           4  fatfs.o(.data)
    hid_buf                                  0x200011a8   Data          64  main.o(.bss)
    cdc_buf                                  0x200011e8   Data          32  main.o(.bss)
    hdma_memtomem_dma1_channel1              0x20001208   Data          68  dma.o(.bss)
    hiwdg                                    0x2000124c   Data          12  iwdg.o(.bss)
    hspi1                                    0x20001258   Data          88  spi.o(.bss)
    hspi2                                    0x200012b0   Data          88  spi.o(.bss)
    hdma_spi1_tx                             0x20001308   Data          68  spi.o(.bss)
    hdma_spi1_rx                             0x2000134c   Data          68  spi.o(.bss)
    huart2                                   0x20001390   Data          64  usart.o(.bss)
    hdma_usart2_rx                           0x200013d0   Data          68  usart.o(.bss)
    hdma_usart2_tx                           0x20001414   Data          68  usart.o(.bss)
    DAP_Data                                 0x20001458   Data          64  dap.o(.bss)
    MYUSB_Request                            0x20001498   Data          65  hid_transfer.o(.bss)
    MYUSB_Response                           0x200014d9   Data          65  hid_transfer.o(.bss)
    disk                                     0x200016ac   Data          12  ff_gen_drv.o(.bss)
    __initial_sp                             0x200026b8   Data           0  startup_stm32f103xb.o(STACK)



==============================================================================

Memory Map of the image

  Image Entry point : 0x080000ed

  Load Region LR_IROM1 (Base: 0x08000000, Size: 0x000060d8, Max: 0x00010000, ABSOLUTE, COMPRESSED[0x00004fc8])

    Execution Region ER_IROM1 (Exec base: 0x08000000, Load base: 0x08000000, Size: 0x00004f30, Max: 0x00010000, ABSOLUTE)

    Exec Addr    Load Addr    Size         Type   Attr      Idx    E Section Name        Object

    0x08000000   0x08000000   0x000000ec   Data   RO         1980    RESET               startup_stm32f103xb.o
    0x080000ec   0x080000ec   0x00000000   Code   RO         4744  * .ARM.Collect$$$$00000000  mc_w.l(entry.o)
    0x080000ec   0x080000ec   0x00000004   Code   RO         4755    .ARM.Collect$$$$00000001  mc_w.l(entry2.o)
    0x080000f0   0x080000f0   0x00000004   Code   RO         4758    .ARM.Collect$$$$00000004  mc_w.l(entry5.o)
    0x080000f4   0x080000f4   0x00000000   Code   RO         4760    .ARM.Collect$$$$00000008  mc_w.l(entry7b.o)
    0x080000f4   0x080000f4   0x00000000   Code   RO         4762    .ARM.Collect$$$$0000000A  mc_w.l(entry8b.o)
    0x080000f4   0x080000f4   0x00000008   Code   RO         4763    .ARM.Collect$$$$0000000B  mc_w.l(entry9a.o)
    0x080000fc   0x080000fc   0x00000000   Code   RO         4765    .ARM.Collect$$$$0000000D  mc_w.l(entry10a.o)
    0x080000fc   0x080000fc   0x00000000   Code   RO         4767    .ARM.Collect$$$$0000000F  mc_w.l(entry11a.o)
    0x080000fc   0x080000fc   0x00000004   Code   RO         4756    .ARM.Collect$$$$00002712  mc_w.l(entry2.o)
    0x08000100   0x08000100   0x00000024   Code   RO         1981    .text               startup_stm32f103xb.o
    0x08000124   0x08000124   0x00000024   Code   RO         4749    .text               mc_w.l(memcpya.o)
    0x08000148   0x08000148   0x00000024   Code   RO         4751    .text               mc_w.l(memseta.o)
    0x0800016c   0x0800016c   0x00000024   Code   RO         4769    .text               mc_w.l(init.o)
    0x08000190   0x08000190   0x00000056   Code   RO         4779    .text               mc_w.l(__dczerorl2.o)
    0x080001e6   0x080001e6   0x00000002   Code   RO          492    i.BusFault_Handler  stm32f1xx_it.o
    0x080001e8   0x080001e8   0x00000330   Code   RO          737    i.DAP_JTAG_Transfer  dap.o
    0x08000518   0x08000518   0x0000014c   Code   RO          738    i.DAP_JTAG_TransferBlock  dap.o
    0x08000664   0x08000664   0x00000364   Code   RO          739    i.DAP_ProcessCommand  dap.o
    0x080009c8   0x080009c8   0x0000000c   Code   RO          844    i.DAP_ProcessVendorCommand  dap_vendor.o
    0x080009d4   0x080009d4   0x00000320   Code   RO          741    i.DAP_SWD_Transfer  dap.o
    0x08000cf4   0x08000cf4   0x00000124   Code   RO          742    i.DAP_SWD_TransferBlock  dap.o
    0x08000e18   0x08000e18   0x00000174   Code   RO          743    i.DAP_SWJ_Pins      dap.o
    0x08000f8c   0x08000f8c   0x00000058   Code   RO          744    i.DAP_Setup         dap.o
    0x08000fe4   0x08000fe4   0x00000060   Code   RO          745    i.DAP_WriteAbort    dap.o
    0x08001044   0x08001044   0x0000000c   Code   RO          493    i.DMA1_Channel2_IRQHandler  stm32f1xx_it.o
    0x08001050   0x08001050   0x0000000c   Code   RO          494    i.DMA1_Channel3_IRQHandler  stm32f1xx_it.o
    0x0800105c   0x0800105c   0x0000000c   Code   RO          495    i.DMA1_Channel6_IRQHandler  stm32f1xx_it.o
    0x08001068   0x08001068   0x0000000c   Code   RO          496    i.DMA1_Channel7_IRQHandler  stm32f1xx_it.o
    0x08001074   0x08001074   0x00000002   Code   RO          497    i.DebugMon_Handler  stm32f1xx_it.o
    0x08001076   0x08001076   0x00000002   Code   RO            4    i.Error_Handler     main.o
    0x08001078   0x08001078   0x00000006   Code   RO         4667    i.FATFS_LinkDriver  ff_gen_drv.o
    0x0800107e   0x0800107e   0x00000002   PAD
    0x08001080   0x08001080   0x00000040   Code   RO         4668    i.FATFS_LinkDriverEx  ff_gen_drv.o
    0x080010c0   0x080010c0   0x00000154   Code   RO         2862    i.HAL_DMA_IRQHandler  stm32f1xx_hal_dma.o
    0x08001214   0x08001214   0x0000005c   Code   RO         2863    i.HAL_DMA_Init      stm32f1xx_hal_dma.o
    0x08001270   0x08001270   0x000001e0   Code   RO         2793    i.HAL_GPIO_Init     stm32f1xx_hal_gpio.o
    0x08001450   0x08001450   0x0000000a   Code   RO         2797    i.HAL_GPIO_WritePin  stm32f1xx_hal_gpio.o
    0x0800145a   0x0800145a   0x00000002   PAD
    0x0800145c   0x0800145c   0x0000000c   Code   RO         2489    i.HAL_GetTick       stm32f1xx_hal.o
    0x08001468   0x08001468   0x00000052   Code   RO         3453    i.HAL_IWDG_Init     stm32f1xx_hal_iwdg.o
    0x080014ba   0x080014ba   0x00000002   PAD
    0x080014bc   0x080014bc   0x00000010   Code   RO         2495    i.HAL_IncTick       stm32f1xx_hal.o
    0x080014cc   0x080014cc   0x00000024   Code   RO         2496    i.HAL_Init          stm32f1xx_hal.o
    0x080014f0   0x080014f0   0x00000040   Code   RO         2497    i.HAL_InitTick      stm32f1xx_hal.o
    0x08001530   0x08001530   0x0000003c   Code   RO          592    i.HAL_MspInit       stm32f1xx_hal_msp.o
    0x0800156c   0x0800156c   0x0000001a   Code   RO         2953    i.HAL_NVIC_EnableIRQ  stm32f1xx_hal_cortex.o
    0x08001586   0x08001586   0x00000002   PAD
    0x08001588   0x08001588   0x00000040   Code   RO         2959    i.HAL_NVIC_SetPriority  stm32f1xx_hal_cortex.o
    0x080015c8   0x080015c8   0x00000024   Code   RO         2960    i.HAL_NVIC_SetPriorityGrouping  stm32f1xx_hal_cortex.o
    0x080015ec   0x080015ec   0x000000ec   Code   RO         2756    i.HAL_RCCEx_PeriphCLKConfig  stm32f1xx_hal_rcc_ex.o
    0x080016d8   0x080016d8   0x0000012c   Code   RO         2653    i.HAL_RCC_ClockConfig  stm32f1xx_hal_rcc.o
    0x08001804   0x08001804   0x00000020   Code   RO         2660    i.HAL_RCC_GetPCLK1Freq  stm32f1xx_hal_rcc.o
    0x08001824   0x08001824   0x00000020   Code   RO         2661    i.HAL_RCC_GetPCLK2Freq  stm32f1xx_hal_rcc.o
    0x08001844   0x08001844   0x0000006c   Code   RO         2662    i.HAL_RCC_GetSysClockFreq  stm32f1xx_hal_rcc.o
    0x080018b0   0x080018b0   0x00000320   Code   RO         2665    i.HAL_RCC_OscConfig  stm32f1xx_hal_rcc.o
    0x08001bd0   0x08001bd0   0x0000007c   Code   RO         3494    i.HAL_SPI_Init      stm32f1xx_hal_spi.o
    0x08001c4c   0x08001c4c   0x0000011c   Code   RO          403    i.HAL_SPI_MspInit   spi.o
    0x08001d68   0x08001d68   0x00000028   Code   RO         2964    i.HAL_SYSTICK_Config  stm32f1xx_hal_cortex.o
    0x08001d90   0x08001d90   0x00000062   Code   RO         3866    i.HAL_UART_Init     stm32f1xx_hal_uart.o
    0x08001df2   0x08001df2   0x00000002   PAD
    0x08001df4   0x08001df4   0x000000c8   Code   RO          451    i.HAL_UART_MspInit  usart.o
    0x08001ebc   0x08001ebc   0x00000034   Code   RO         1010    i.HID_GetOutReport  hid_transfer.o
    0x08001ef0   0x08001ef0   0x00000002   Code   RO         1011    i.HID_SetInReport   hid_transfer.o
    0x08001ef2   0x08001ef2   0x00000002   Code   RO          498    i.HardFault_Handler  stm32f1xx_it.o
    0x08001ef4   0x08001ef4   0x00000044   Code   RO         1059    i.JTAG2SWD          swd_host.o
    0x08001f38   0x08001f38   0x00000014   Code   RO          868    i.JTAG_IR           jtag_dp.o
    0x08001f4c   0x08001f4c   0x000000a0   Code   RO          869    i.JTAG_IR_Fast      jtag_dp.o
    0x08001fec   0x08001fec   0x00000148   Code   RO          870    i.JTAG_IR_Slow      jtag_dp.o
    0x08002134   0x08002134   0x000000d4   Code   RO          871    i.JTAG_ReadIDCode   jtag_dp.o
    0x08002208   0x08002208   0x0000009c   Code   RO          872    i.JTAG_Sequence     jtag_dp.o
    0x080022a4   0x080022a4   0x00000014   Code   RO          873    i.JTAG_Transfer     jtag_dp.o
    0x080022b8   0x080022b8   0x00000170   Code   RO          874    i.JTAG_TransferFast  jtag_dp.o
    0x08002428   0x08002428   0x000002c0   Code   RO          875    i.JTAG_TransferSlow  jtag_dp.o
    0x080026e8   0x080026e8   0x00000170   Code   RO          876    i.JTAG_WriteAbort   jtag_dp.o
    0x08002858   0x08002858   0x0000008c   Code   RO          342    i.MX_DMA_Init       dma.o
    0x080028e4   0x080028e4   0x0000001c   Code   RO         4257    i.MX_FATFS_Init     fatfs.o
    0x08002900   0x08002900   0x000000e4   Code   RO          318    i.MX_GPIO_Init      gpio.o
    0x080029e4   0x080029e4   0x0000002c   Code   RO          372    i.MX_IWDG_Init      iwdg.o
    0x08002a10   0x08002a10   0x00000048   Code   RO          404    i.MX_SPI1_Init      spi.o
    0x08002a58   0x08002a58   0x00000044   Code   RO          405    i.MX_SPI2_Init      spi.o
    0x08002a9c   0x08002a9c   0x00000038   Code   RO          452    i.MX_USART2_UART_Init  usart.o
    0x08002ad4   0x08002ad4   0x00000002   Code   RO          499    i.MemManage_Handler  stm32f1xx_it.o
    0x08002ad6   0x08002ad6   0x00000002   Code   RO          500    i.NMI_Handler       stm32f1xx_it.o
    0x08002ad8   0x08002ad8   0x00000090   Code   RO          747    i.PORT_JTAG_SETUP   dap.o
    0x08002b68   0x08002b68   0x00000074   Code   RO          748    i.PORT_SWD_SETUP    dap.o
    0x08002bdc   0x08002bdc   0x00000002   Code   RO          501    i.PendSV_Handler    stm32f1xx_it.o
    0x08002bde   0x08002bde   0x00000002   Code   RO          502    i.SVC_Handler       stm32f1xx_it.o
    0x08002be0   0x08002be0   0x00000014   Code   RO          947    i.SWD_Transfer      sw_dp.o
    0x08002bf4   0x08002bf4   0x00000230   Code   RO          948    i.SWD_TransferFast  sw_dp.o
    0x08002e24   0x08002e24   0x000003bc   Code   RO          949    i.SWD_TransferSlow  sw_dp.o
    0x080031e0   0x080031e0   0x00000054   Code   RO          950    i.SWJ_Sequence      sw_dp.o
    0x08003234   0x08003234   0x00000004   Code   RO          503    i.SysTick_Handler   stm32f1xx_it.o
    0x08003238   0x08003238   0x00000068   Code   RO            5    i.SystemClock_Config  main.o
    0x080032a0   0x080032a0   0x00000048   Code   RO         4168    i.SystemInit        system_stm32f1xx.o
    0x080032e8   0x080032e8   0x000000b8   Code   RO         3892    i.UART_SetConfig    stm32f1xx_hal_uart.o
    0x080033a0   0x080033a0   0x00000028   Code   RO         1521    i.USB_HP_CAN1_TX_IRQHandler  stm32_fs_init.o
    0x080033c8   0x080033c8   0x00000094   Code   RO         1522    i.USB_LP_CAN1_RX0_IRQHandler  stm32_fs_init.o
    0x0800345c   0x0800345c   0x00000010   Code   RO         4205    i.USER_initialize   user_diskio.o
    0x0800346c   0x0800346c   0x00000004   Code   RO         4206    i.USER_ioctl        user_diskio.o
    0x08003470   0x08003470   0x00000004   Code   RO         4207    i.USER_read         user_diskio.o
    0x08003474   0x08003474   0x00000010   Code   RO         4208    i.USER_status       user_diskio.o
    0x08003484   0x08003484   0x00000004   Code   RO         4209    i.USER_write        user_diskio.o
    0x08003488   0x08003488   0x00000002   Code   RO          504    i.UsageFault_Handler  stm32f1xx_it.o
    0x0800348a   0x0800348a   0x00000020   Code   RO         2966    i.__NVIC_SetPriority  stm32f1xx_hal_cortex.o
    0x080034aa   0x080034aa   0x0000000e   Code   RO         4773    i.__scatterload_copy  mc_w.l(handlers.o)
    0x080034b8   0x080034b8   0x00000002   Code   RO         4774    i.__scatterload_null  mc_w.l(handlers.o)
    0x080034ba   0x080034ba   0x0000000e   Code   RO         4775    i.__scatterload_zeroinit  mc_w.l(handlers.o)
    0x080034c8   0x080034c8   0x0000006a   Code   RO         1839    i.cdc_ctrl          tusbd_cdc.o
    0x08003532   0x08003532   0x0000003a   Code   RO         1840    i.cdc_dataout_request  tusbd_cdc.o
    0x0800356c   0x0800356c   0x00000002   Code   RO            6    i.cdc_line_coding_change  main.o
    0x0800356e   0x0800356e   0x00000002   PAD
    0x08003570   0x08003570   0x0000000c   Code   RO            7    i.cdc_recv_data     main.o
    0x0800357c   0x0800357c   0x0000000e   Code   RO            8    i.cdc_send_done     main.o
    0x0800358a   0x0800358a   0x00000002   PAD
    0x0800358c   0x0800358c   0x00000058   Code   RO         1433    i.copy_tx           teeny_usb_stm32_fs_device.o
    0x080035e4   0x080035e4   0x000000c0   Code   RO         1902    i.flash_write       board.o
    0x080036a4   0x080036a4   0x0000006a   Code   RO         1684    i.handle_msc_scsi_command  tusbd_msc.o
    0x0800370e   0x0800370e   0x0000003c   Code   RO         1632    i.hid_dataout_request  tusbd_hid.o
    0x0800374a   0x0800374a   0x00000002   PAD
    0x0800374c   0x0800374c   0x0000001c   Code   RO            9    i.hid_recv_data     main.o
    0x08003768   0x08003768   0x00000012   Code   RO           10    i.hid_send_done     main.o
    0x0800377a   0x0800377a   0x00000002   PAD
    0x0800377c   0x0800377c   0x000000ec   Code   RO           11    i.init_ep           main.o
    0x08003868   0x08003868   0x00000018   Code   RO         1061    i.int2array         swd_host.o
    0x08003880   0x08003880   0x00000078   Code   RO           12    i.main              main.o
    0x080038f8   0x080038f8   0x0000001c   Code   RO         1592    i.msc_block_read    composite_device.o
    0x08003914   0x08003914   0x0000001c   Code   RO         1593    i.msc_block_write   composite_device.o
    0x08003930   0x08003930   0x00000088   Code   RO         1685    i.msc_data_out      tusbd_msc.o
    0x080039b8   0x080039b8   0x0000000e   Code   RO         1594    i.msc_get_cap       composite_device.o
    0x080039c6   0x080039c6   0x0000001e   Code   RO         1686    i.msc_prepare_rx    tusbd_msc.o
    0x080039e4   0x080039e4   0x000001b0   Code   RO         1687    i.msc_scsi_command  tusbd_msc.o
    0x08003b94   0x08003b94   0x000000fc   Code   RO         1688    i.msc_scsi_inquiry  tusbd_msc.o
    0x08003c90   0x08003c90   0x0000006c   Code   RO         1689    i.msc_scsi_read_10  tusbd_msc.o
    0x08003cfc   0x08003cfc   0x0000006c   Code   RO         1690    i.msc_scsi_read_capacity_10  tusbd_msc.o
    0x08003d68   0x08003d68   0x00000068   Code   RO         1691    i.msc_scsi_read_format_capacity  tusbd_msc.o
    0x08003dd0   0x08003dd0   0x00000012   Code   RO         1692    i.msc_scsi_sense    tusbd_msc.o
    0x08003de2   0x08003de2   0x000000d0   Code   RO         1693    i.msc_scsi_write_10  tusbd_msc.o
    0x08003eb2   0x08003eb2   0x00000002   PAD
    0x08003eb4   0x08003eb4   0x00000020   Code   RO         1694    i.msc_send_csw      tusbd_msc.o
    0x08003ed4   0x08003ed4   0x0000001c   Code   RO         1695    i.msc_send_data     tusbd_msc.o
    0x08003ef0   0x08003ef0   0x0000007c   Code   RO         1063    i.swd_init          swd_host.o
    0x08003f6c   0x08003f6c   0x00000090   Code   RO         1064    i.swd_init_debug    swd_host.o
    0x08003ffc   0x08003ffc   0x00000042   Code   RO         1070    i.swd_read_dp       swd_host.o
    0x0800403e   0x0800403e   0x0000001c   Code   RO         1073    i.swd_reset         swd_host.o
    0x0800405a   0x0800405a   0x0000001e   Code   RO         1077    i.swd_transfer_retry  swd_host.o
    0x08004078   0x08004078   0x0000005c   Code   RO         1078    i.swd_write_ap      swd_host.o
    0x080040d4   0x080040d4   0x0000005c   Code   RO         1079    i.swd_write_block   swd_host.o
    0x08004130   0x08004130   0x0000002c   Code   RO         1080    i.swd_write_byte    swd_host.o
    0x0800415c   0x0800415c   0x00000040   Code   RO         1082    i.swd_write_data    swd_host.o
    0x0800419c   0x0800419c   0x00000034   Code   RO         1084    i.swd_write_dp      swd_host.o
    0x080041d0   0x080041d0   0x00000074   Code   RO         1085    i.swd_write_memory  swd_host.o
    0x08004244   0x08004244   0x00000018   Code   RO         1523    i.tsub_resume       stm32_fs_init.o
    0x0800425c   0x0800425c   0x00000034   Code   RO         1841    i.tusb_cdc_device_init  tusbd_cdc.o
    0x08004290   0x08004290   0x00000016   Code   RO         1842    i.tusb_cdc_device_recv_done  tusbd_cdc.o
    0x080042a6   0x080042a6   0x00000002   PAD
    0x080042a8   0x080042a8   0x0000006c   Code   RO         1843    i.tusb_cdc_device_request  tusbd_cdc.o
    0x08004314   0x08004314   0x0000001a   Code   RO         1844    i.tusb_cdc_device_send_done  tusbd_cdc.o
    0x0800432e   0x0800432e   0x0000002c   Code   RO         1933    i.tusb_class_request  tusbd.o
    0x0800435a   0x0800435a   0x00000002   PAD
    0x0800435c   0x0800435c   0x000000a4   Code   RO         1435    i.tusb_clear_stall  teeny_usb_stm32_fs_device.o
    0x08004400   0x08004400   0x00000014   Code   RO           13    i.tusb_delay_ms     main.o
    0x08004414   0x08004414   0x00000038   Code   RO         1525    i.tusb_disconnect   stm32_fs_init.o
    0x0800444c   0x0800444c   0x0000008c   Code   RO         1436    i.tusb_ep_handler   teeny_usb_stm32_fs_device.o
    0x080044d8   0x080044d8   0x000000e0   Code   RO         1305    i.tusb_get_descriptor  teeny_usb.o
    0x080045b8   0x080045b8   0x00000010   Code   RO         1526    i.tusb_get_device   stm32_fs_init.o
    0x080045c8   0x080045c8   0x0000001e   Code   RO         1633    i.tusb_hid_device_init  tusbd_hid.o
    0x080045e6   0x080045e6   0x00000016   Code   RO         1634    i.tusb_hid_device_recv_done  tusbd_hid.o
    0x080045fc   0x080045fc   0x00000108   Code   RO         1635    i.tusb_hid_device_request  tusbd_hid.o
    0x08004704   0x08004704   0x0000000a   Code   RO         1636    i.tusb_hid_device_send_done  tusbd_hid.o
    0x0800470e   0x0800470e   0x0000002c   Code   RO         1696    i.tusb_msc_device_init  tusbd_msc.o
    0x0800473a   0x0800473a   0x00000052   Code   RO         1697    i.tusb_msc_device_loop  tusbd_msc.o
    0x0800478c   0x0800478c   0x0000001c   Code   RO         1698    i.tusb_msc_device_recv_done  tusbd_msc.o
    0x080047a8   0x080047a8   0x00000078   Code   RO         1699    i.tusb_msc_device_request  tusbd_msc.o
    0x08004820   0x08004820   0x00000018   Code   RO         1700    i.tusb_msc_device_send_done  tusbd_msc.o
    0x08004838   0x08004838   0x00000028   Code   RO         1934    i.tusb_on_rx_done   tusbd.o
    0x08004860   0x08004860   0x00000024   Code   RO         1935    i.tusb_on_tx_done   tusbd.o
    0x08004884   0x08004884   0x00000074   Code   RO         1528    i.tusb_open_device  stm32_fs_init.o
    0x080048f8   0x080048f8   0x00000038   Code   RO         1437    i.tusb_pma_rx       teeny_usb_stm32_fs_device.o
    0x08004930   0x08004930   0x0000000c   Code   RO         1438    i.tusb_read_ep0     teeny_usb_stm32_fs_device.o
    0x0800493c   0x0800493c   0x0000002c   Code   RO         1936    i.tusb_reconfig     tusbd.o
    0x08004968   0x08004968   0x000000a4   Code   RO         1439    i.tusb_recv_data    teeny_usb_stm32_fs_device.o
    0x08004a0c   0x08004a0c   0x00000084   Code   RO         1440    i.tusb_send_data    teeny_usb_stm32_fs_device.o
    0x08004a90   0x08004a90   0x0000008c   Code   RO         1441    i.tusb_send_data_done  teeny_usb_stm32_fs_device.o
    0x08004b1c   0x08004b1c   0x00000018   Code   RO         1442    i.tusb_set_addr_after_status  teeny_usb_stm32_fs_device.o
    0x08004b34   0x08004b34   0x00000002   Code   RO         1310    i.tusb_set_addr_before_status  teeny_usb.o
    0x08004b36   0x08004b36   0x00000058   Code   RO         1937    i.tusb_set_device_config  tusbd.o
    0x08004b8e   0x08004b8e   0x00000014   Code   RO         1311    i.tusb_set_recv_buffer  teeny_usb.o
    0x08004ba2   0x08004ba2   0x00000002   PAD
    0x08004ba4   0x08004ba4   0x00000030   Code   RO         1443    i.tusb_set_rx_valid  teeny_usb_stm32_fs_device.o
    0x08004bd4   0x08004bd4   0x00000054   Code   RO         1444    i.tusb_set_stall    teeny_usb_stm32_fs_device.o
    0x08004c28   0x08004c28   0x00000020   Code   RO         1312    i.tusb_setup_handler  teeny_usb.o
    0x08004c48   0x08004c48   0x000000f0   Code   RO         1313    i.tusb_standard_request  teeny_usb.o
    0x08004d38   0x08004d38   0x00000038   Code   RO         1012    i.usbd_hid_process  hid_transfer.o
    0x08004d70   0x08004d70   0x00000024   Code   RO         1903    i.wait_flash        board.o
    0x08004d94   0x08004d94   0x00000008   Data   RO          750    .constdata          dap.o
    0x08004d9c   0x08004d9c   0x00000012   Data   RO         1381    .constdata          teeny_usb_desc.o
    0x08004dae   0x08004dae   0x00000002   PAD
    0x08004db0   0x08004db0   0x00000082   Data   RO         1382    .constdata          teeny_usb_desc.o
    0x08004e32   0x08004e32   0x00000002   PAD
    0x08004e34   0x08004e34   0x00000004   Data   RO         1383    .constdata          teeny_usb_desc.o
    0x08004e38   0x08004e38   0x0000000e   Data   RO         1384    .constdata          teeny_usb_desc.o
    0x08004e46   0x08004e46   0x00000002   PAD
    0x08004e48   0x08004e48   0x00000022   Data   RO         1385    .constdata          teeny_usb_desc.o
    0x08004e6a   0x08004e6a   0x00000002   PAD
    0x08004e6c   0x08004e6c   0x00000018   Data   RO         1386    .constdata          teeny_usb_desc.o
    0x08004e84   0x08004e84   0x00000010   Data   RO         1387    .constdata          teeny_usb_desc.o
    0x08004e94   0x08004e94   0x00000018   Data   RO         1388    .constdata          teeny_usb_desc.o
    0x08004eac   0x08004eac   0x00000005   Data   RO         1389    .constdata          teeny_usb_desc.o
    0x08004eb1   0x08004eb1   0x00000005   Data   RO         1390    .constdata          teeny_usb_desc.o
    0x08004eb6   0x08004eb6   0x00000002   PAD
    0x08004eb8   0x08004eb8   0x00000010   Data   RO         1391    .constdata          teeny_usb_desc.o
    0x08004ec8   0x08004ec8   0x00000010   Data   RO         1637    .constdata          tusbd_hid.o
    0x08004ed8   0x08004ed8   0x00000010   Data   RO         1701    .constdata          tusbd_msc.o
    0x08004ee8   0x08004ee8   0x00000010   Data   RO         1846    .constdata          tusbd_cdc.o
    0x08004ef8   0x08004ef8   0x00000010   Data   RO         4169    .constdata          system_stm32f1xx.o
    0x08004f08   0x08004f08   0x00000008   Data   RO         4170    .constdata          system_stm32f1xx.o
    0x08004f10   0x08004f10   0x00000020   Data   RO         4771    Region$$Table       anon$$obj.o


    Execution Region RW_IRAM1 (Exec base: 0x20000000, Load base: 0x08004f30, Size: 0x000026b8, Max: 0x00005000, ABSOLUTE, COMPRESSED[0x00000098])

    Exec Addr    Load Addr    Size         Type   Attr      Idx    E Section Name        Object

    0x20000000   COMPRESSED   0x00000038   Data   RW           19    .data               main.o
    0x20000038   COMPRESSED   0x00001118   Data   RW           20    .data               main.o
    0x20001150   COMPRESSED   0x00000010   Data   RW           21    .data               main.o
    0x20001160   COMPRESSED   0x00000001   Data   RW          751    .data               dap.o
    0x20001161   COMPRESSED   0x00000001   Data   RW         1014    .data               hid_transfer.o
    0x20001162   COMPRESSED   0x00000002   PAD
    0x20001164   COMPRESSED   0x00000008   Data   RW         1087    .data               swd_host.o
    0x2000116c   COMPRESSED   0x00000004   Data   RW         1240    .data               swd_flash.o
    0x20001170   COMPRESSED   0x00000004   Data   RW         1314    .data               teeny_usb.o
    0x20001174   COMPRESSED   0x00000004   Data   RW         1904    .data               board.o
    0x20001178   COMPRESSED   0x0000000c   Data   RW         2503    .data               stm32f1xx_hal.o
    0x20001184   COMPRESSED   0x00000004   Data   RW         4171    .data               system_stm32f1xx.o
    0x20001188   COMPRESSED   0x00000001   Data   RW         4210    .data               user_diskio.o
    0x20001189   COMPRESSED   0x00000003   PAD
    0x2000118c   COMPRESSED   0x00000014   Data   RW         4211    .data               user_diskio.o
    0x200011a0   COMPRESSED   0x00000005   Data   RW         4261    .data               fatfs.o
    0x200011a5   COMPRESSED   0x00000003   PAD
    0x200011a8        -       0x00000060   Zero   RW           17    .bss                main.o
    0x20001208        -       0x00000044   Zero   RW          343    .bss                dma.o
    0x2000124c        -       0x0000000c   Zero   RW          373    .bss                iwdg.o
    0x20001258        -       0x00000138   Zero   RW          406    .bss                spi.o
    0x20001390        -       0x000000c8   Zero   RW          453    .bss                usart.o
    0x20001458        -       0x00000040   Zero   RW          749    .bss                dap.o
    0x20001498        -       0x00000082   Zero   RW         1013    .bss                hid_transfer.o
    0x2000151a   COMPRESSED   0x00000002   PAD
    0x2000151c        -       0x00000190   Zero   RW         1529    .bss                stm32_fs_init.o
    0x200016ac        -       0x0000000c   Zero   RW         4671    .bss                ff_gen_drv.o
    0x200016b8        -       0x00001000   Zero   RW         1978    STACK               startup_stm32f103xb.o


==============================================================================

Image component sizes


      Code (inc. data)   RO Data    RW Data    ZI Data      Debug   Object Name

       228         22          0          4          0       1934   board.o
        70          8          0          0          0       2517   composite_device.o
      3924        178          8          1         64      23005   dap.o
        12          0          0          0          0        895   dap_vendor.o
       140         12          0          0         68       1040   dma.o
        28         10          0          5          0       1026   fatfs.o
        70          4          0          0         12       1543   ff_gen_drv.o
       228         16          0          0          0        963   gpio.o
       110         26          0          1        130       2526   hid_transfer.o
        44          8          0          0         12        679   iwdg.o
      2336         78          0          0          0      29421   jtag_dp.o
       556         48          0       4448         96     434692   main.o
       424         46          0          0        312       2452   spi.o
        36          8        236          0       4096        760   startup_stm32f103xb.o
       400         60          0          0        400      29799   stm32_fs_init.o
       128         24          0         12          0       5213   stm32f1xx_hal.o
       198         14          0          0          0      28875   stm32f1xx_hal_cortex.o
       432         32          0          0          0       1960   stm32f1xx_hal_dma.o
       490         34          0          0          0       2856   stm32f1xx_hal_gpio.o
        82          0          0          0          0       1120   stm32f1xx_hal_iwdg.o
        60          8          0          0          0        846   stm32f1xx_hal_msp.o
      1272        100          0          0          0       5116   stm32f1xx_hal_rcc.o
       236         12          0          0          0       1356   stm32f1xx_hal_rcc_ex.o
       124          0          0          0          0       1175   stm32f1xx_hal_spi.o
       282          6          0          0          0       1884   stm32f1xx_hal_uart.o
        68         24          0          0          0       5498   stm32f1xx_it.o
      1620         34          0          0          0      16524   sw_dp.o
         0          0          0          4          0        641   swd_flash.o
       944         40          0          8          0      13042   swd_host.o
        72         16         24          4          0       1147   system_stm32f1xx.o
       518         28          0          4          0       3914   teeny_usb.o
         0          0        290          0          0       7038   teeny_usb_desc.o
      1052         72          0          0          0       9183   teeny_usb_stm32_fs_device.o
       252          0          0          0          0       3862   tusbd.o
       372          4         16          0          0       6721   tusbd_cdc.o
       386         18         16          0          0       6417   tusbd_hid.o
      1860         68         16          0          0      24568   tusbd_msc.o
       256         28          0          0        200       1824   usart.o
        44         12          0         21          0       3040   user_diskio.o

    ----------------------------------------------------------------------
     19380       1098        648       4520       5392     687072   Object Totals
         0          0         32          0          0          0   (incl. Generated)
        26          0         10          8          2          0   (incl. Padding)

    ----------------------------------------------------------------------

      Code (inc. data)   RO Data    RW Data    ZI Data      Debug   Library Member Name

        86          0          0          0          0          0   __dczerorl2.o
         0          0          0          0          0          0   entry.o
         0          0          0          0          0          0   entry10a.o
         0          0          0          0          0          0   entry11a.o
         8          4          0          0          0          0   entry2.o
         4          0          0          0          0          0   entry5.o
         0          0          0          0          0          0   entry7b.o
         0          0          0          0          0          0   entry8b.o
         8          4          0          0          0          0   entry9a.o
        30          0          0          0          0          0   handlers.o
        36          8          0          0          0         68   init.o
        36          0          0          0          0         68   memcpya.o
        36          0          0          0          0        108   memseta.o

    ----------------------------------------------------------------------
       244         16          0          0          0        244   Library Totals
         0          0          0          0          0          0   (incl. Padding)

    ----------------------------------------------------------------------

      Code (inc. data)   RO Data    RW Data    ZI Data      Debug   Library Name

       244         16          0          0          0        244   mc_w.l

    ----------------------------------------------------------------------
       244         16          0          0          0        244   Library Totals

    ----------------------------------------------------------------------

==============================================================================


      Code (inc. data)   RO Data    RW Data    ZI Data      Debug   

     19624       1114        648       4520       5392     679280   Grand Totals
     19624       1114        648        152       5392     679280   ELF Image Totals (compressed)
     19624       1114        648        152          0          0   ROM Totals

==============================================================================

    Total RO  Size (Code + RO Data)                20272 (  19.80kB)
    Total RW  Size (RW Data + ZI Data)              9912 (   9.68kB)
    Total ROM Size (Code + RO Data + RW Data)      20424 (  19.95kB)

==============================================================================

